<!doctype html public "-//w3c//dtd html 4.0 transitional//en">
<html><head>
<title>Static Call Graph - [.\Objects\Us_Receiver.axf]</title></head>
<body><HR>
<H1>Static Call Graph for image .\Objects\Us_Receiver.axf</H1><HR>
<BR><P>#&#060CALLGRAPH&#062# ARM Linker, 5050169: Last Updated: Sat Jan 09 23:44:19 2016
<BR><P>
<H3>Maximum Stack Usage =        132 bytes + Unknown(Functions without stacksize, Cycles, Untraceable Function Pointers)</H3><H3>
Call chain for Maximum Stack Depth:</H3>
USB_LP_CAN1_RX0_IRQHandler &rArr; USB_Istr &rArr; CTR_LP &rArr; Setup0_Process &rArr; Data_Setup0 &rArr; DataStageIn &rArr; UserToPMABufferCopy
<P>
<H3>
Functions with no stack information
</H3><UL>
 <LI><a href="#[50]">__user_initial_stackheap</a>
</UL>
</UL>
<P>
<H3>
Mutually Recursive functions
</H3> <LI><a href="#[13]">NMI_Handler</a>&nbsp;&nbsp;&nbsp;&rArr;&nbsp;&nbsp;&nbsp;<a href="#[13]">NMI_Handler</a><BR>
 <LI><a href="#[14]">HardFault_Handler</a>&nbsp;&nbsp;&nbsp;&rArr;&nbsp;&nbsp;&nbsp;<a href="#[14]">HardFault_Handler</a><BR>
 <LI><a href="#[15]">MemManage_Handler</a>&nbsp;&nbsp;&nbsp;&rArr;&nbsp;&nbsp;&nbsp;<a href="#[15]">MemManage_Handler</a><BR>
 <LI><a href="#[16]">BusFault_Handler</a>&nbsp;&nbsp;&nbsp;&rArr;&nbsp;&nbsp;&nbsp;<a href="#[16]">BusFault_Handler</a><BR>
 <LI><a href="#[17]">UsageFault_Handler</a>&nbsp;&nbsp;&nbsp;&rArr;&nbsp;&nbsp;&nbsp;<a href="#[17]">UsageFault_Handler</a><BR>
 <LI><a href="#[18]">SVC_Handler</a>&nbsp;&nbsp;&nbsp;&rArr;&nbsp;&nbsp;&nbsp;<a href="#[18]">SVC_Handler</a><BR>
 <LI><a href="#[19]">DebugMon_Handler</a>&nbsp;&nbsp;&nbsp;&rArr;&nbsp;&nbsp;&nbsp;<a href="#[19]">DebugMon_Handler</a><BR>
 <LI><a href="#[1a]">PendSV_Handler</a>&nbsp;&nbsp;&nbsp;&rArr;&nbsp;&nbsp;&nbsp;<a href="#[1a]">PendSV_Handler</a><BR>
 <LI><a href="#[1b]">SysTick_Handler</a>&nbsp;&nbsp;&nbsp;&rArr;&nbsp;&nbsp;&nbsp;<a href="#[1b]">SysTick_Handler</a><BR>
 <LI><a href="#[2e]">ADC1_2_IRQHandler</a>&nbsp;&nbsp;&nbsp;&rArr;&nbsp;&nbsp;&nbsp;<a href="#[2e]">ADC1_2_IRQHandler</a><BR>
</UL>
<P>
<H3>
Function Pointers
</H3><UL>
 <LI><a href="#[2e]">ADC1_2_IRQHandler</a> from startup_stm32f10x_md.o(.text) referenced from startup_stm32f10x_md.o(RESET)
 <LI><a href="#[16]">BusFault_Handler</a> from startup_stm32f10x_md.o(.text) referenced from startup_stm32f10x_md.o(RESET)
 <LI><a href="#[31]">CAN1_RX1_IRQHandler</a> from startup_stm32f10x_md.o(.text) referenced from startup_stm32f10x_md.o(RESET)
 <LI><a href="#[32]">CAN1_SCE_IRQHandler</a> from startup_stm32f10x_md.o(.text) referenced from startup_stm32f10x_md.o(RESET)
 <LI><a href="#[27]">DMA1_Channel1_IRQHandler</a> from sampleacquisition.o(i.DMA1_Channel1_IRQHandler) referenced from startup_stm32f10x_md.o(RESET)
 <LI><a href="#[28]">DMA1_Channel2_IRQHandler</a> from startup_stm32f10x_md.o(.text) referenced from startup_stm32f10x_md.o(RESET)
 <LI><a href="#[29]">DMA1_Channel3_IRQHandler</a> from startup_stm32f10x_md.o(.text) referenced from startup_stm32f10x_md.o(RESET)
 <LI><a href="#[2a]">DMA1_Channel4_IRQHandler</a> from startup_stm32f10x_md.o(.text) referenced from startup_stm32f10x_md.o(RESET)
 <LI><a href="#[2b]">DMA1_Channel5_IRQHandler</a> from startup_stm32f10x_md.o(.text) referenced from startup_stm32f10x_md.o(RESET)
 <LI><a href="#[2c]">DMA1_Channel6_IRQHandler</a> from startup_stm32f10x_md.o(.text) referenced from startup_stm32f10x_md.o(RESET)
 <LI><a href="#[2d]">DMA1_Channel7_IRQHandler</a> from startup_stm32f10x_md.o(.text) referenced from startup_stm32f10x_md.o(RESET)
 <LI><a href="#[19]">DebugMon_Handler</a> from startup_stm32f10x_md.o(.text) referenced from startup_stm32f10x_md.o(RESET)
 <LI><a href="#[3]">EP1_IN_Callback</a> from usb_endp.o(i.EP1_IN_Callback) referenced 2 times from usb_istr.o(.data)
 <LI><a href="#[5]">EP3_OUT_Callback</a> from usb_endp.o(i.EP3_OUT_Callback) referenced 2 times from usb_istr.o(.data)
 <LI><a href="#[22]">EXTI0_IRQHandler</a> from startup_stm32f10x_md.o(.text) referenced from startup_stm32f10x_md.o(RESET)
 <LI><a href="#[44]">EXTI15_10_IRQHandler</a> from startup_stm32f10x_md.o(.text) referenced from startup_stm32f10x_md.o(RESET)
 <LI><a href="#[23]">EXTI1_IRQHandler</a> from startup_stm32f10x_md.o(.text) referenced from startup_stm32f10x_md.o(RESET)
 <LI><a href="#[24]">EXTI2_IRQHandler</a> from startup_stm32f10x_md.o(.text) referenced from startup_stm32f10x_md.o(RESET)
 <LI><a href="#[25]">EXTI3_IRQHandler</a> from startup_stm32f10x_md.o(.text) referenced from startup_stm32f10x_md.o(RESET)
 <LI><a href="#[26]">EXTI4_IRQHandler</a> from startup_stm32f10x_md.o(.text) referenced from startup_stm32f10x_md.o(RESET)
 <LI><a href="#[33]">EXTI9_5_IRQHandler</a> from startup_stm32f10x_md.o(.text) referenced from startup_stm32f10x_md.o(RESET)
 <LI><a href="#[20]">FLASH_IRQHandler</a> from startup_stm32f10x_md.o(.text) referenced from startup_stm32f10x_md.o(RESET)
 <LI><a href="#[14]">HardFault_Handler</a> from startup_stm32f10x_md.o(.text) referenced from startup_stm32f10x_md.o(RESET)
 <LI><a href="#[3c]">I2C1_ER_IRQHandler</a> from startup_stm32f10x_md.o(.text) referenced from startup_stm32f10x_md.o(RESET)
 <LI><a href="#[3b]">I2C1_EV_IRQHandler</a> from startup_stm32f10x_md.o(.text) referenced from startup_stm32f10x_md.o(RESET)
 <LI><a href="#[3e]">I2C2_ER_IRQHandler</a> from startup_stm32f10x_md.o(.text) referenced from startup_stm32f10x_md.o(RESET)
 <LI><a href="#[3d]">I2C2_EV_IRQHandler</a> from startup_stm32f10x_md.o(.text) referenced from startup_stm32f10x_md.o(RESET)
 <LI><a href="#[15]">MemManage_Handler</a> from startup_stm32f10x_md.o(.text) referenced from startup_stm32f10x_md.o(RESET)
 <LI><a href="#[13]">NMI_Handler</a> from startup_stm32f10x_md.o(.text) referenced from startup_stm32f10x_md.o(RESET)
 <LI><a href="#[4]">NOP_Process</a> from usb_core.o(i.NOP_Process) referenced 38 times from usb_istr.o(.data)
 <LI><a href="#[1d]">PVD_IRQHandler</a> from startup_stm32f10x_md.o(.text) referenced from startup_stm32f10x_md.o(RESET)
 <LI><a href="#[1a]">PendSV_Handler</a> from startup_stm32f10x_md.o(.text) referenced from startup_stm32f10x_md.o(RESET)
 <LI><a href="#[21]">RCC_IRQHandler</a> from startup_stm32f10x_md.o(.text) referenced from startup_stm32f10x_md.o(RESET)
 <LI><a href="#[45]">RTCAlarm_IRQHandler</a> from startup_stm32f10x_md.o(.text) referenced from startup_stm32f10x_md.o(RESET)
 <LI><a href="#[1f]">RTC_IRQHandler</a> from startup_stm32f10x_md.o(.text) referenced from startup_stm32f10x_md.o(RESET)
 <LI><a href="#[4e]">Reset_Handler</a> from startup_stm32f10x_md.o(.text) referenced from startup_stm32f10x_md.o(RESET)
 <LI><a href="#[3f]">SPI1_IRQHandler</a> from startup_stm32f10x_md.o(.text) referenced from startup_stm32f10x_md.o(RESET)
 <LI><a href="#[40]">SPI2_IRQHandler</a> from startup_stm32f10x_md.o(.text) referenced from startup_stm32f10x_md.o(RESET)
 <LI><a href="#[18]">SVC_Handler</a> from startup_stm32f10x_md.o(.text) referenced from startup_stm32f10x_md.o(RESET)
 <LI><a href="#[4a]">Standard_GetConfiguration</a> from usb_core.o(i.Standard_GetConfiguration) referenced from usb_core.o(i.Data_Setup0)
 <LI><a href="#[4b]">Standard_GetInterface</a> from usb_core.o(i.Standard_GetInterface) referenced from usb_core.o(i.Data_Setup0)
 <LI><a href="#[49]">Standard_GetStatus</a> from usb_core.o(i.Standard_GetStatus) referenced from usb_core.o(i.Data_Setup0)
 <LI><a href="#[1b]">SysTick_Handler</a> from startup_stm32f10x_md.o(.text) referenced from startup_stm32f10x_md.o(RESET)
 <LI><a href="#[47]">SystemInit</a> from system_stm32f10x.o(i.SystemInit) referenced from startup_stm32f10x_md.o(.text)
 <LI><a href="#[1e]">TAMPER_IRQHandler</a> from startup_stm32f10x_md.o(.text) referenced from startup_stm32f10x_md.o(RESET)
 <LI><a href="#[34]">TIM1_BRK_IRQHandler</a> from startup_stm32f10x_md.o(.text) referenced from startup_stm32f10x_md.o(RESET)
 <LI><a href="#[37]">TIM1_CC_IRQHandler</a> from startup_stm32f10x_md.o(.text) referenced from startup_stm32f10x_md.o(RESET)
 <LI><a href="#[36]">TIM1_TRG_COM_IRQHandler</a> from startup_stm32f10x_md.o(.text) referenced from startup_stm32f10x_md.o(RESET)
 <LI><a href="#[35]">TIM1_UP_IRQHandler</a> from sampleacquisition.o(i.TIM1_UP_IRQHandler) referenced from startup_stm32f10x_md.o(RESET)
 <LI><a href="#[38]">TIM2_IRQHandler</a> from usbcomm.o(i.TIM2_IRQHandler) referenced from startup_stm32f10x_md.o(RESET)
 <LI><a href="#[39]">TIM3_IRQHandler</a> from startup_stm32f10x_md.o(.text) referenced from startup_stm32f10x_md.o(RESET)
 <LI><a href="#[3a]">TIM4_IRQHandler</a> from startup_stm32f10x_md.o(.text) referenced from startup_stm32f10x_md.o(RESET)
 <LI><a href="#[41]">USART1_IRQHandler</a> from startup_stm32f10x_md.o(.text) referenced from startup_stm32f10x_md.o(RESET)
 <LI><a href="#[42]">USART2_IRQHandler</a> from startup_stm32f10x_md.o(.text) referenced from startup_stm32f10x_md.o(RESET)
 <LI><a href="#[43]">USART3_IRQHandler</a> from startup_stm32f10x_md.o(.text) referenced from startup_stm32f10x_md.o(RESET)
 <LI><a href="#[46]">USBWakeUp_IRQHandler</a> from startup_stm32f10x_md.o(.text) referenced from startup_stm32f10x_md.o(RESET)
 <LI><a href="#[2f]">USB_HP_CAN1_TX_IRQHandler</a> from startup_stm32f10x_md.o(.text) referenced from startup_stm32f10x_md.o(RESET)
 <LI><a href="#[30]">USB_LP_CAN1_RX0_IRQHandler</a> from stm32f10x_it.o(i.USB_LP_CAN1_RX0_IRQHandler) referenced from startup_stm32f10x_md.o(RESET)
 <LI><a href="#[17]">UsageFault_Handler</a> from startup_stm32f10x_md.o(.text) referenced from startup_stm32f10x_md.o(RESET)
 <LI><a href="#[a]">Virtual_Com_Port_Data_Setup</a> from usb_prop.o(i.Virtual_Com_Port_Data_Setup) referenced 2 times from usb_prop.o(.data)
 <LI><a href="#[e]">Virtual_Com_Port_GetConfigDescriptor</a> from usb_prop.o(i.Virtual_Com_Port_GetConfigDescriptor) referenced 2 times from usb_prop.o(.data)
 <LI><a href="#[d]">Virtual_Com_Port_GetDeviceDescriptor</a> from usb_prop.o(i.Virtual_Com_Port_GetDeviceDescriptor) referenced 2 times from usb_prop.o(.data)
 <LI><a href="#[4c]">Virtual_Com_Port_GetLineCoding</a> from usb_prop.o(i.Virtual_Com_Port_GetLineCoding) referenced from usb_prop.o(i.Virtual_Com_Port_Data_Setup)
 <LI><a href="#[f]">Virtual_Com_Port_GetStringDescriptor</a> from usb_prop.o(i.Virtual_Com_Port_GetStringDescriptor) referenced 2 times from usb_prop.o(.data)
 <LI><a href="#[c]">Virtual_Com_Port_Get_Interface_Setting</a> from usb_prop.o(i.Virtual_Com_Port_Get_Interface_Setting) referenced 2 times from usb_prop.o(.data)
 <LI><a href="#[b]">Virtual_Com_Port_NoData_Setup</a> from usb_prop.o(i.Virtual_Com_Port_NoData_Setup) referenced 2 times from usb_prop.o(.data)
 <LI><a href="#[7]">Virtual_Com_Port_Reset</a> from usb_prop.o(i.Virtual_Com_Port_Reset) referenced 2 times from usb_prop.o(.data)
 <LI><a href="#[10]">Virtual_Com_Port_SetConfiguration</a> from usb_prop.o(i.Virtual_Com_Port_SetConfiguration) referenced 2 times from usb_prop.o(.data)
 <LI><a href="#[11]">Virtual_Com_Port_SetDeviceAddress</a> from usb_prop.o(i.Virtual_Com_Port_SetDeviceAddress) referenced 2 times from usb_prop.o(.data)
 <LI><a href="#[4d]">Virtual_Com_Port_SetLineCoding</a> from usb_prop.o(i.Virtual_Com_Port_SetLineCoding) referenced from usb_prop.o(i.Virtual_Com_Port_Data_Setup)
 <LI><a href="#[8]">Virtual_Com_Port_Status_In</a> from usb_prop.o(i.Virtual_Com_Port_Status_In) referenced 2 times from usb_prop.o(.data)
 <LI><a href="#[9]">Virtual_Com_Port_Status_Out</a> from usb_prop.o(i.Virtual_Com_Port_Status_Out) referenced 2 times from usb_prop.o(.data)
 <LI><a href="#[6]">Virtual_Com_Port_init</a> from usb_prop.o(i.Virtual_Com_Port_init) referenced 2 times from usb_prop.o(.data)
 <LI><a href="#[1c]">WWDG_IRQHandler</a> from startup_stm32f10x_md.o(.text) referenced from startup_stm32f10x_md.o(RESET)
 <LI><a href="#[4f]">__main</a> from __main.o(!!!main) referenced from startup_stm32f10x_md.o(.text)
</UL>
<P>
<H3>
Global Symbols
</H3>
<P><STRONG><a name="[4f]"></a>__main</STRONG> (Thumb, 8 bytes, Stack size 0 bytes, __main.o(!!!main))
<BR><BR>[Calls]<UL><LI><a href="#[52]">&gt;&gt;</a>&nbsp;&nbsp;&nbsp;__rt_entry
<LI><a href="#[51]">&gt;&gt;</a>&nbsp;&nbsp;&nbsp;__scatterload
</UL>

<P><STRONG><a name="[51]"></a>__scatterload</STRONG> (Thumb, 0 bytes, Stack size unknown bytes, __scatter.o(!!!scatter))
<BR><BR>[Called By]<UL><LI><a href="#[4f]">&gt;&gt;</a>&nbsp;&nbsp;&nbsp;__main
</UL>

<P><STRONG><a name="[53]"></a>__scatterload_rt2</STRONG> (Thumb, 44 bytes, Stack size unknown bytes, __scatter.o(!!!scatter), UNUSED)
<BR><BR>[Calls]<UL><LI><a href="#[52]">&gt;&gt;</a>&nbsp;&nbsp;&nbsp;__rt_entry
</UL>

<P><STRONG><a name="[cc]"></a>__scatterload_rt2_thumb_only</STRONG> (Thumb, 0 bytes, Stack size unknown bytes, __scatter.o(!!!scatter), UNUSED)

<P><STRONG><a name="[cd]"></a>__scatterload_null</STRONG> (Thumb, 0 bytes, Stack size unknown bytes, __scatter.o(!!!scatter), UNUSED)

<P><STRONG><a name="[ce]"></a>__decompress</STRONG> (Thumb, 90 bytes, Stack size unknown bytes, __dczerorl2.o(!!dczerorl2), UNUSED)

<P><STRONG><a name="[cf]"></a>__decompress1</STRONG> (Thumb, 0 bytes, Stack size unknown bytes, __dczerorl2.o(!!dczerorl2), UNUSED)

<P><STRONG><a name="[d0]"></a>__scatterload_zeroinit</STRONG> (Thumb, 28 bytes, Stack size unknown bytes, __scatter_zi.o(!!handler_zi), UNUSED)

<P><STRONG><a name="[57]"></a>__rt_lib_init</STRONG> (Thumb, 0 bytes, Stack size unknown bytes, libinit.o(.ARM.Collect$$libinit$$00000000))
<BR><BR>[Called By]<UL><LI><a href="#[56]">&gt;&gt;</a>&nbsp;&nbsp;&nbsp;__rt_entry_li
</UL>

<P><STRONG><a name="[d1]"></a>__rt_lib_init_alloca_1</STRONG> (Thumb, 0 bytes, Stack size unknown bytes, libinit2.o(.ARM.Collect$$libinit$$0000002E))

<P><STRONG><a name="[d2]"></a>__rt_lib_init_argv_1</STRONG> (Thumb, 0 bytes, Stack size unknown bytes, libinit2.o(.ARM.Collect$$libinit$$0000002C))

<P><STRONG><a name="[d3]"></a>__rt_lib_init_atexit_1</STRONG> (Thumb, 0 bytes, Stack size unknown bytes, libinit2.o(.ARM.Collect$$libinit$$0000001B))

<P><STRONG><a name="[d4]"></a>__rt_lib_init_clock_1</STRONG> (Thumb, 0 bytes, Stack size unknown bytes, libinit2.o(.ARM.Collect$$libinit$$00000021))

<P><STRONG><a name="[d5]"></a>__rt_lib_init_cpp_1</STRONG> (Thumb, 0 bytes, Stack size unknown bytes, libinit2.o(.ARM.Collect$$libinit$$00000032))

<P><STRONG><a name="[d6]"></a>__rt_lib_init_exceptions_1</STRONG> (Thumb, 0 bytes, Stack size unknown bytes, libinit2.o(.ARM.Collect$$libinit$$00000030))

<P><STRONG><a name="[d7]"></a>__rt_lib_init_fp_1</STRONG> (Thumb, 0 bytes, Stack size unknown bytes, libinit2.o(.ARM.Collect$$libinit$$00000002))

<P><STRONG><a name="[d8]"></a>__rt_lib_init_fp_trap_1</STRONG> (Thumb, 0 bytes, Stack size unknown bytes, libinit2.o(.ARM.Collect$$libinit$$0000001F))

<P><STRONG><a name="[d9]"></a>__rt_lib_init_getenv_1</STRONG> (Thumb, 0 bytes, Stack size unknown bytes, libinit2.o(.ARM.Collect$$libinit$$00000023))

<P><STRONG><a name="[da]"></a>__rt_lib_init_heap_1</STRONG> (Thumb, 0 bytes, Stack size unknown bytes, libinit2.o(.ARM.Collect$$libinit$$0000000A))

<P><STRONG><a name="[db]"></a>__rt_lib_init_lc_collate_1</STRONG> (Thumb, 0 bytes, Stack size unknown bytes, libinit2.o(.ARM.Collect$$libinit$$00000011))

<P><STRONG><a name="[dc]"></a>__rt_lib_init_lc_ctype_1</STRONG> (Thumb, 0 bytes, Stack size unknown bytes, libinit2.o(.ARM.Collect$$libinit$$00000013))

<P><STRONG><a name="[dd]"></a>__rt_lib_init_lc_monetary_1</STRONG> (Thumb, 0 bytes, Stack size unknown bytes, libinit2.o(.ARM.Collect$$libinit$$00000015))

<P><STRONG><a name="[de]"></a>__rt_lib_init_lc_numeric_1</STRONG> (Thumb, 0 bytes, Stack size unknown bytes, libinit2.o(.ARM.Collect$$libinit$$00000017))

<P><STRONG><a name="[df]"></a>__rt_lib_init_lc_time_1</STRONG> (Thumb, 0 bytes, Stack size unknown bytes, libinit2.o(.ARM.Collect$$libinit$$00000019))

<P><STRONG><a name="[e0]"></a>__rt_lib_init_preinit_1</STRONG> (Thumb, 0 bytes, Stack size unknown bytes, libinit2.o(.ARM.Collect$$libinit$$00000004))

<P><STRONG><a name="[e1]"></a>__rt_lib_init_rand_1</STRONG> (Thumb, 0 bytes, Stack size unknown bytes, libinit2.o(.ARM.Collect$$libinit$$0000000E))

<P><STRONG><a name="[e2]"></a>__rt_lib_init_return</STRONG> (Thumb, 0 bytes, Stack size unknown bytes, libinit2.o(.ARM.Collect$$libinit$$00000033))

<P><STRONG><a name="[e3]"></a>__rt_lib_init_signal_1</STRONG> (Thumb, 0 bytes, Stack size unknown bytes, libinit2.o(.ARM.Collect$$libinit$$0000001D))

<P><STRONG><a name="[e4]"></a>__rt_lib_init_stdio_1</STRONG> (Thumb, 0 bytes, Stack size unknown bytes, libinit2.o(.ARM.Collect$$libinit$$00000025))

<P><STRONG><a name="[e5]"></a>__rt_lib_init_user_alloc_1</STRONG> (Thumb, 0 bytes, Stack size unknown bytes, libinit2.o(.ARM.Collect$$libinit$$0000000C))

<P><STRONG><a name="[5c]"></a>__rt_lib_shutdown</STRONG> (Thumb, 0 bytes, Stack size unknown bytes, libshutdown.o(.ARM.Collect$$libshutdown$$00000000))
<BR><BR>[Called By]<UL><LI><a href="#[5b]">&gt;&gt;</a>&nbsp;&nbsp;&nbsp;__rt_exit_ls
</UL>

<P><STRONG><a name="[e6]"></a>__rt_lib_shutdown_fp_trap_1</STRONG> (Thumb, 0 bytes, Stack size unknown bytes, libshutdown2.o(.ARM.Collect$$libshutdown$$00000006))

<P><STRONG><a name="[e7]"></a>__rt_lib_shutdown_heap_1</STRONG> (Thumb, 0 bytes, Stack size unknown bytes, libshutdown2.o(.ARM.Collect$$libshutdown$$0000000E))

<P><STRONG><a name="[e8]"></a>__rt_lib_shutdown_return</STRONG> (Thumb, 0 bytes, Stack size unknown bytes, libshutdown2.o(.ARM.Collect$$libshutdown$$0000000F))

<P><STRONG><a name="[e9]"></a>__rt_lib_shutdown_signal_1</STRONG> (Thumb, 0 bytes, Stack size unknown bytes, libshutdown2.o(.ARM.Collect$$libshutdown$$00000009))

<P><STRONG><a name="[ea]"></a>__rt_lib_shutdown_stdio_1</STRONG> (Thumb, 0 bytes, Stack size unknown bytes, libshutdown2.o(.ARM.Collect$$libshutdown$$00000003))

<P><STRONG><a name="[eb]"></a>__rt_lib_shutdown_user_alloc_1</STRONG> (Thumb, 0 bytes, Stack size unknown bytes, libshutdown2.o(.ARM.Collect$$libshutdown$$0000000B))

<P><STRONG><a name="[52]"></a>__rt_entry</STRONG> (Thumb, 0 bytes, Stack size unknown bytes, __rtentry.o(.ARM.Collect$$rtentry$$00000000))
<BR><BR>[Called By]<UL><LI><a href="#[4f]">&gt;&gt;</a>&nbsp;&nbsp;&nbsp;__main
<LI><a href="#[53]">&gt;&gt;</a>&nbsp;&nbsp;&nbsp;__scatterload_rt2
</UL>

<P><STRONG><a name="[ec]"></a>__rt_entry_presh_1</STRONG> (Thumb, 0 bytes, Stack size unknown bytes, __rtentry2.o(.ARM.Collect$$rtentry$$00000002))

<P><STRONG><a name="[54]"></a>__rt_entry_sh</STRONG> (Thumb, 0 bytes, Stack size unknown bytes, __rtentry4.o(.ARM.Collect$$rtentry$$00000004))
<BR><BR>[Stack]<UL><LI>Max Depth = 8 + Unknown Stack Size
<LI>Call Chain = __rt_entry_sh &rArr; __user_setup_stackheap
</UL>
<BR>[Calls]<UL><LI><a href="#[55]">&gt;&gt;</a>&nbsp;&nbsp;&nbsp;__user_setup_stackheap
</UL>

<P><STRONG><a name="[56]"></a>__rt_entry_li</STRONG> (Thumb, 0 bytes, Stack size unknown bytes, __rtentry2.o(.ARM.Collect$$rtentry$$0000000A))
<BR><BR>[Calls]<UL><LI><a href="#[57]">&gt;&gt;</a>&nbsp;&nbsp;&nbsp;__rt_lib_init
</UL>

<P><STRONG><a name="[ed]"></a>__rt_entry_postsh_1</STRONG> (Thumb, 0 bytes, Stack size unknown bytes, __rtentry2.o(.ARM.Collect$$rtentry$$00000009))

<P><STRONG><a name="[58]"></a>__rt_entry_main</STRONG> (Thumb, 0 bytes, Stack size unknown bytes, __rtentry2.o(.ARM.Collect$$rtentry$$0000000D))
<BR><BR>[Stack]<UL><LI>Max Depth = 64 + Unknown Stack Size
<LI>Call Chain = __rt_entry_main &rArr; main &rArr; sampleAcquisitionInit &rArr; DMA_Configuration &rArr; DMA_Init
</UL>
<BR>[Calls]<UL><LI><a href="#[59]">&gt;&gt;</a>&nbsp;&nbsp;&nbsp;main
<LI><a href="#[5a]">&gt;&gt;</a>&nbsp;&nbsp;&nbsp;exit
</UL>

<P><STRONG><a name="[ee]"></a>__rt_entry_postli_1</STRONG> (Thumb, 0 bytes, Stack size unknown bytes, __rtentry2.o(.ARM.Collect$$rtentry$$0000000C))

<P><STRONG><a name="[60]"></a>__rt_exit</STRONG> (Thumb, 0 bytes, Stack size unknown bytes, rtexit.o(.ARM.Collect$$rtexit$$00000000))
<BR><BR>[Called By]<UL><LI><a href="#[5a]">&gt;&gt;</a>&nbsp;&nbsp;&nbsp;exit
</UL>

<P><STRONG><a name="[5b]"></a>__rt_exit_ls</STRONG> (Thumb, 0 bytes, Stack size unknown bytes, rtexit2.o(.ARM.Collect$$rtexit$$00000003))
<BR><BR>[Calls]<UL><LI><a href="#[5c]">&gt;&gt;</a>&nbsp;&nbsp;&nbsp;__rt_lib_shutdown
</UL>

<P><STRONG><a name="[ef]"></a>__rt_exit_prels_1</STRONG> (Thumb, 0 bytes, Stack size unknown bytes, rtexit2.o(.ARM.Collect$$rtexit$$00000002))

<P><STRONG><a name="[5d]"></a>__rt_exit_exit</STRONG> (Thumb, 0 bytes, Stack size unknown bytes, rtexit2.o(.ARM.Collect$$rtexit$$00000004))
<BR><BR>[Calls]<UL><LI><a href="#[5e]">&gt;&gt;</a>&nbsp;&nbsp;&nbsp;_sys_exit
</UL>

<P><STRONG><a name="[4e]"></a>Reset_Handler</STRONG> (Thumb, 8 bytes, Stack size 0 bytes, startup_stm32f10x_md.o(.text))

<P><STRONG><a name="[13]"></a>NMI_Handler</STRONG> (Thumb, 2 bytes, Stack size 0 bytes, startup_stm32f10x_md.o(.text))
<BR><BR>[Calls]<UL><LI><a href="#[13]">&gt;&gt;</a>&nbsp;&nbsp;&nbsp;NMI_Handler
</UL>
<BR>[Called By]<UL><LI><a href="#[13]">&gt;&gt;</a>&nbsp;&nbsp;&nbsp;NMI_Handler
</UL>
<BR>[Address Reference Count : 1]<UL><LI> startup_stm32f10x_md.o(RESET)
</UL>
<P><STRONG><a name="[14]"></a>HardFault_Handler</STRONG> (Thumb, 2 bytes, Stack size 0 bytes, startup_stm32f10x_md.o(.text))
<BR><BR>[Calls]<UL><LI><a href="#[14]">&gt;&gt;</a>&nbsp;&nbsp;&nbsp;HardFault_Handler
</UL>
<BR>[Called By]<UL><LI><a href="#[14]">&gt;&gt;</a>&nbsp;&nbsp;&nbsp;HardFault_Handler
</UL>
<BR>[Address Reference Count : 1]<UL><LI> startup_stm32f10x_md.o(RESET)
</UL>
<P><STRONG><a name="[15]"></a>MemManage_Handler</STRONG> (Thumb, 2 bytes, Stack size 0 bytes, startup_stm32f10x_md.o(.text))
<BR><BR>[Calls]<UL><LI><a href="#[15]">&gt;&gt;</a>&nbsp;&nbsp;&nbsp;MemManage_Handler
</UL>
<BR>[Called By]<UL><LI><a href="#[15]">&gt;&gt;</a>&nbsp;&nbsp;&nbsp;MemManage_Handler
</UL>
<BR>[Address Reference Count : 1]<UL><LI> startup_stm32f10x_md.o(RESET)
</UL>
<P><STRONG><a name="[16]"></a>BusFault_Handler</STRONG> (Thumb, 2 bytes, Stack size 0 bytes, startup_stm32f10x_md.o(.text))
<BR><BR>[Calls]<UL><LI><a href="#[16]">&gt;&gt;</a>&nbsp;&nbsp;&nbsp;BusFault_Handler
</UL>
<BR>[Called By]<UL><LI><a href="#[16]">&gt;&gt;</a>&nbsp;&nbsp;&nbsp;BusFault_Handler
</UL>
<BR>[Address Reference Count : 1]<UL><LI> startup_stm32f10x_md.o(RESET)
</UL>
<P><STRONG><a name="[17]"></a>UsageFault_Handler</STRONG> (Thumb, 2 bytes, Stack size 0 bytes, startup_stm32f10x_md.o(.text))
<BR><BR>[Calls]<UL><LI><a href="#[17]">&gt;&gt;</a>&nbsp;&nbsp;&nbsp;UsageFault_Handler
</UL>
<BR>[Called By]<UL><LI><a href="#[17]">&gt;&gt;</a>&nbsp;&nbsp;&nbsp;UsageFault_Handler
</UL>
<BR>[Address Reference Count : 1]<UL><LI> startup_stm32f10x_md.o(RESET)
</UL>
<P><STRONG><a name="[18]"></a>SVC_Handler</STRONG> (Thumb, 2 bytes, Stack size 0 bytes, startup_stm32f10x_md.o(.text))
<BR><BR>[Calls]<UL><LI><a href="#[18]">&gt;&gt;</a>&nbsp;&nbsp;&nbsp;SVC_Handler
</UL>
<BR>[Called By]<UL><LI><a href="#[18]">&gt;&gt;</a>&nbsp;&nbsp;&nbsp;SVC_Handler
</UL>
<BR>[Address Reference Count : 1]<UL><LI> startup_stm32f10x_md.o(RESET)
</UL>
<P><STRONG><a name="[19]"></a>DebugMon_Handler</STRONG> (Thumb, 2 bytes, Stack size 0 bytes, startup_stm32f10x_md.o(.text))
<BR><BR>[Calls]<UL><LI><a href="#[19]">&gt;&gt;</a>&nbsp;&nbsp;&nbsp;DebugMon_Handler
</UL>
<BR>[Called By]<UL><LI><a href="#[19]">&gt;&gt;</a>&nbsp;&nbsp;&nbsp;DebugMon_Handler
</UL>
<BR>[Address Reference Count : 1]<UL><LI> startup_stm32f10x_md.o(RESET)
</UL>
<P><STRONG><a name="[1a]"></a>PendSV_Handler</STRONG> (Thumb, 2 bytes, Stack size 0 bytes, startup_stm32f10x_md.o(.text))
<BR><BR>[Calls]<UL><LI><a href="#[1a]">&gt;&gt;</a>&nbsp;&nbsp;&nbsp;PendSV_Handler
</UL>
<BR>[Called By]<UL><LI><a href="#[1a]">&gt;&gt;</a>&nbsp;&nbsp;&nbsp;PendSV_Handler
</UL>
<BR>[Address Reference Count : 1]<UL><LI> startup_stm32f10x_md.o(RESET)
</UL>
<P><STRONG><a name="[1b]"></a>SysTick_Handler</STRONG> (Thumb, 2 bytes, Stack size 0 bytes, startup_stm32f10x_md.o(.text))
<BR><BR>[Calls]<UL><LI><a href="#[1b]">&gt;&gt;</a>&nbsp;&nbsp;&nbsp;SysTick_Handler
</UL>
<BR>[Called By]<UL><LI><a href="#[1b]">&gt;&gt;</a>&nbsp;&nbsp;&nbsp;SysTick_Handler
</UL>
<BR>[Address Reference Count : 1]<UL><LI> startup_stm32f10x_md.o(RESET)
</UL>
<P><STRONG><a name="[2e]"></a>ADC1_2_IRQHandler</STRONG> (Thumb, 0 bytes, Stack size 0 bytes, startup_stm32f10x_md.o(.text))
<BR><BR>[Calls]<UL><LI><a href="#[2e]">&gt;&gt;</a>&nbsp;&nbsp;&nbsp;ADC1_2_IRQHandler
</UL>
<BR>[Called By]<UL><LI><a href="#[2e]">&gt;&gt;</a>&nbsp;&nbsp;&nbsp;ADC1_2_IRQHandler
</UL>
<BR>[Address Reference Count : 1]<UL><LI> startup_stm32f10x_md.o(RESET)
</UL>
<P><STRONG><a name="[31]"></a>CAN1_RX1_IRQHandler</STRONG> (Thumb, 0 bytes, Stack size 0 bytes, startup_stm32f10x_md.o(.text))
<BR>[Address Reference Count : 1]<UL><LI> startup_stm32f10x_md.o(RESET)
</UL>
<P><STRONG><a name="[32]"></a>CAN1_SCE_IRQHandler</STRONG> (Thumb, 0 bytes, Stack size 0 bytes, startup_stm32f10x_md.o(.text))
<BR>[Address Reference Count : 1]<UL><LI> startup_stm32f10x_md.o(RESET)
</UL>
<P><STRONG><a name="[28]"></a>DMA1_Channel2_IRQHandler</STRONG> (Thumb, 0 bytes, Stack size 0 bytes, startup_stm32f10x_md.o(.text))
<BR>[Address Reference Count : 1]<UL><LI> startup_stm32f10x_md.o(RESET)
</UL>
<P><STRONG><a name="[29]"></a>DMA1_Channel3_IRQHandler</STRONG> (Thumb, 0 bytes, Stack size 0 bytes, startup_stm32f10x_md.o(.text))
<BR>[Address Reference Count : 1]<UL><LI> startup_stm32f10x_md.o(RESET)
</UL>
<P><STRONG><a name="[2a]"></a>DMA1_Channel4_IRQHandler</STRONG> (Thumb, 0 bytes, Stack size 0 bytes, startup_stm32f10x_md.o(.text))
<BR>[Address Reference Count : 1]<UL><LI> startup_stm32f10x_md.o(RESET)
</UL>
<P><STRONG><a name="[2b]"></a>DMA1_Channel5_IRQHandler</STRONG> (Thumb, 0 bytes, Stack size 0 bytes, startup_stm32f10x_md.o(.text))
<BR>[Address Reference Count : 1]<UL><LI> startup_stm32f10x_md.o(RESET)
</UL>
<P><STRONG><a name="[2c]"></a>DMA1_Channel6_IRQHandler</STRONG> (Thumb, 0 bytes, Stack size 0 bytes, startup_stm32f10x_md.o(.text))
<BR>[Address Reference Count : 1]<UL><LI> startup_stm32f10x_md.o(RESET)
</UL>
<P><STRONG><a name="[2d]"></a>DMA1_Channel7_IRQHandler</STRONG> (Thumb, 0 bytes, Stack size 0 bytes, startup_stm32f10x_md.o(.text))
<BR>[Address Reference Count : 1]<UL><LI> startup_stm32f10x_md.o(RESET)
</UL>
<P><STRONG><a name="[22]"></a>EXTI0_IRQHandler</STRONG> (Thumb, 0 bytes, Stack size 0 bytes, startup_stm32f10x_md.o(.text))
<BR>[Address Reference Count : 1]<UL><LI> startup_stm32f10x_md.o(RESET)
</UL>
<P><STRONG><a name="[44]"></a>EXTI15_10_IRQHandler</STRONG> (Thumb, 0 bytes, Stack size 0 bytes, startup_stm32f10x_md.o(.text))
<BR>[Address Reference Count : 1]<UL><LI> startup_stm32f10x_md.o(RESET)
</UL>
<P><STRONG><a name="[23]"></a>EXTI1_IRQHandler</STRONG> (Thumb, 0 bytes, Stack size 0 bytes, startup_stm32f10x_md.o(.text))
<BR>[Address Reference Count : 1]<UL><LI> startup_stm32f10x_md.o(RESET)
</UL>
<P><STRONG><a name="[24]"></a>EXTI2_IRQHandler</STRONG> (Thumb, 0 bytes, Stack size 0 bytes, startup_stm32f10x_md.o(.text))
<BR>[Address Reference Count : 1]<UL><LI> startup_stm32f10x_md.o(RESET)
</UL>
<P><STRONG><a name="[25]"></a>EXTI3_IRQHandler</STRONG> (Thumb, 0 bytes, Stack size 0 bytes, startup_stm32f10x_md.o(.text))
<BR>[Address Reference Count : 1]<UL><LI> startup_stm32f10x_md.o(RESET)
</UL>
<P><STRONG><a name="[26]"></a>EXTI4_IRQHandler</STRONG> (Thumb, 0 bytes, Stack size 0 bytes, startup_stm32f10x_md.o(.text))
<BR>[Address Reference Count : 1]<UL><LI> startup_stm32f10x_md.o(RESET)
</UL>
<P><STRONG><a name="[33]"></a>EXTI9_5_IRQHandler</STRONG> (Thumb, 0 bytes, Stack size 0 bytes, startup_stm32f10x_md.o(.text))
<BR>[Address Reference Count : 1]<UL><LI> startup_stm32f10x_md.o(RESET)
</UL>
<P><STRONG><a name="[20]"></a>FLASH_IRQHandler</STRONG> (Thumb, 0 bytes, Stack size 0 bytes, startup_stm32f10x_md.o(.text))
<BR>[Address Reference Count : 1]<UL><LI> startup_stm32f10x_md.o(RESET)
</UL>
<P><STRONG><a name="[3c]"></a>I2C1_ER_IRQHandler</STRONG> (Thumb, 0 bytes, Stack size 0 bytes, startup_stm32f10x_md.o(.text))
<BR>[Address Reference Count : 1]<UL><LI> startup_stm32f10x_md.o(RESET)
</UL>
<P><STRONG><a name="[3b]"></a>I2C1_EV_IRQHandler</STRONG> (Thumb, 0 bytes, Stack size 0 bytes, startup_stm32f10x_md.o(.text))
<BR>[Address Reference Count : 1]<UL><LI> startup_stm32f10x_md.o(RESET)
</UL>
<P><STRONG><a name="[3e]"></a>I2C2_ER_IRQHandler</STRONG> (Thumb, 0 bytes, Stack size 0 bytes, startup_stm32f10x_md.o(.text))
<BR>[Address Reference Count : 1]<UL><LI> startup_stm32f10x_md.o(RESET)
</UL>
<P><STRONG><a name="[3d]"></a>I2C2_EV_IRQHandler</STRONG> (Thumb, 0 bytes, Stack size 0 bytes, startup_stm32f10x_md.o(.text))
<BR>[Address Reference Count : 1]<UL><LI> startup_stm32f10x_md.o(RESET)
</UL>
<P><STRONG><a name="[1d]"></a>PVD_IRQHandler</STRONG> (Thumb, 0 bytes, Stack size 0 bytes, startup_stm32f10x_md.o(.text))
<BR>[Address Reference Count : 1]<UL><LI> startup_stm32f10x_md.o(RESET)
</UL>
<P><STRONG><a name="[21]"></a>RCC_IRQHandler</STRONG> (Thumb, 0 bytes, Stack size 0 bytes, startup_stm32f10x_md.o(.text))
<BR>[Address Reference Count : 1]<UL><LI> startup_stm32f10x_md.o(RESET)
</UL>
<P><STRONG><a name="[45]"></a>RTCAlarm_IRQHandler</STRONG> (Thumb, 0 bytes, Stack size 0 bytes, startup_stm32f10x_md.o(.text))
<BR>[Address Reference Count : 1]<UL><LI> startup_stm32f10x_md.o(RESET)
</UL>
<P><STRONG><a name="[1f]"></a>RTC_IRQHandler</STRONG> (Thumb, 0 bytes, Stack size 0 bytes, startup_stm32f10x_md.o(.text))
<BR>[Address Reference Count : 1]<UL><LI> startup_stm32f10x_md.o(RESET)
</UL>
<P><STRONG><a name="[3f]"></a>SPI1_IRQHandler</STRONG> (Thumb, 0 bytes, Stack size 0 bytes, startup_stm32f10x_md.o(.text))
<BR>[Address Reference Count : 1]<UL><LI> startup_stm32f10x_md.o(RESET)
</UL>
<P><STRONG><a name="[40]"></a>SPI2_IRQHandler</STRONG> (Thumb, 0 bytes, Stack size 0 bytes, startup_stm32f10x_md.o(.text))
<BR>[Address Reference Count : 1]<UL><LI> startup_stm32f10x_md.o(RESET)
</UL>
<P><STRONG><a name="[1e]"></a>TAMPER_IRQHandler</STRONG> (Thumb, 0 bytes, Stack size 0 bytes, startup_stm32f10x_md.o(.text))
<BR>[Address Reference Count : 1]<UL><LI> startup_stm32f10x_md.o(RESET)
</UL>
<P><STRONG><a name="[34]"></a>TIM1_BRK_IRQHandler</STRONG> (Thumb, 0 bytes, Stack size 0 bytes, startup_stm32f10x_md.o(.text))
<BR>[Address Reference Count : 1]<UL><LI> startup_stm32f10x_md.o(RESET)
</UL>
<P><STRONG><a name="[37]"></a>TIM1_CC_IRQHandler</STRONG> (Thumb, 0 bytes, Stack size 0 bytes, startup_stm32f10x_md.o(.text))
<BR>[Address Reference Count : 1]<UL><LI> startup_stm32f10x_md.o(RESET)
</UL>
<P><STRONG><a name="[36]"></a>TIM1_TRG_COM_IRQHandler</STRONG> (Thumb, 0 bytes, Stack size 0 bytes, startup_stm32f10x_md.o(.text))
<BR>[Address Reference Count : 1]<UL><LI> startup_stm32f10x_md.o(RESET)
</UL>
<P><STRONG><a name="[39]"></a>TIM3_IRQHandler</STRONG> (Thumb, 0 bytes, Stack size 0 bytes, startup_stm32f10x_md.o(.text))
<BR>[Address Reference Count : 1]<UL><LI> startup_stm32f10x_md.o(RESET)
</UL>
<P><STRONG><a name="[3a]"></a>TIM4_IRQHandler</STRONG> (Thumb, 0 bytes, Stack size 0 bytes, startup_stm32f10x_md.o(.text))
<BR>[Address Reference Count : 1]<UL><LI> startup_stm32f10x_md.o(RESET)
</UL>
<P><STRONG><a name="[41]"></a>USART1_IRQHandler</STRONG> (Thumb, 0 bytes, Stack size 0 bytes, startup_stm32f10x_md.o(.text))
<BR>[Address Reference Count : 1]<UL><LI> startup_stm32f10x_md.o(RESET)
</UL>
<P><STRONG><a name="[42]"></a>USART2_IRQHandler</STRONG> (Thumb, 0 bytes, Stack size 0 bytes, startup_stm32f10x_md.o(.text))
<BR>[Address Reference Count : 1]<UL><LI> startup_stm32f10x_md.o(RESET)
</UL>
<P><STRONG><a name="[43]"></a>USART3_IRQHandler</STRONG> (Thumb, 0 bytes, Stack size 0 bytes, startup_stm32f10x_md.o(.text))
<BR>[Address Reference Count : 1]<UL><LI> startup_stm32f10x_md.o(RESET)
</UL>
<P><STRONG><a name="[46]"></a>USBWakeUp_IRQHandler</STRONG> (Thumb, 0 bytes, Stack size 0 bytes, startup_stm32f10x_md.o(.text))
<BR>[Address Reference Count : 1]<UL><LI> startup_stm32f10x_md.o(RESET)
</UL>
<P><STRONG><a name="[2f]"></a>USB_HP_CAN1_TX_IRQHandler</STRONG> (Thumb, 0 bytes, Stack size 0 bytes, startup_stm32f10x_md.o(.text))
<BR>[Address Reference Count : 1]<UL><LI> startup_stm32f10x_md.o(RESET)
</UL>
<P><STRONG><a name="[1c]"></a>WWDG_IRQHandler</STRONG> (Thumb, 0 bytes, Stack size 0 bytes, startup_stm32f10x_md.o(.text))
<BR>[Address Reference Count : 1]<UL><LI> startup_stm32f10x_md.o(RESET)
</UL>
<P><STRONG><a name="[50]"></a>__user_initial_stackheap</STRONG> (Thumb, 0 bytes, Stack size unknown bytes, startup_stm32f10x_md.o(.text))
<BR><BR>[Called By]<UL><LI><a href="#[55]">&gt;&gt;</a>&nbsp;&nbsp;&nbsp;__user_setup_stackheap
</UL>

<P><STRONG><a name="[f0]"></a>__use_two_region_memory</STRONG> (Thumb, 2 bytes, Stack size 0 bytes, heapauxi.o(.text), UNUSED)

<P><STRONG><a name="[f1]"></a>__rt_heap_escrow$2region</STRONG> (Thumb, 2 bytes, Stack size 0 bytes, heapauxi.o(.text), UNUSED)

<P><STRONG><a name="[f2]"></a>__rt_heap_expand$2region</STRONG> (Thumb, 2 bytes, Stack size 0 bytes, heapauxi.o(.text), UNUSED)

<P><STRONG><a name="[55]"></a>__user_setup_stackheap</STRONG> (Thumb, 74 bytes, Stack size 8 bytes, sys_stackheap_outer.o(.text))
<BR><BR>[Stack]<UL><LI>Max Depth = 8 + Unknown Stack Size
<LI>Call Chain = __user_setup_stackheap
</UL>
<BR>[Calls]<UL><LI><a href="#[5f]">&gt;&gt;</a>&nbsp;&nbsp;&nbsp;__user_perproc_libspace
<LI><a href="#[50]">&gt;&gt;</a>&nbsp;&nbsp;&nbsp;__user_initial_stackheap
</UL>
<BR>[Called By]<UL><LI><a href="#[54]">&gt;&gt;</a>&nbsp;&nbsp;&nbsp;__rt_entry_sh
</UL>

<P><STRONG><a name="[5a]"></a>exit</STRONG> (Thumb, 12 bytes, Stack size 0 bytes, exit.o(.text))
<BR><BR>[Calls]<UL><LI><a href="#[60]">&gt;&gt;</a>&nbsp;&nbsp;&nbsp;__rt_exit
</UL>
<BR>[Called By]<UL><LI><a href="#[58]">&gt;&gt;</a>&nbsp;&nbsp;&nbsp;__rt_entry_main
</UL>

<P><STRONG><a name="[f3]"></a>__user_libspace</STRONG> (Thumb, 8 bytes, Stack size 0 bytes, libspace.o(.text), UNUSED)

<P><STRONG><a name="[5f]"></a>__user_perproc_libspace</STRONG> (Thumb, 0 bytes, Stack size 0 bytes, libspace.o(.text))
<BR><BR>[Called By]<UL><LI><a href="#[55]">&gt;&gt;</a>&nbsp;&nbsp;&nbsp;__user_setup_stackheap
</UL>

<P><STRONG><a name="[f4]"></a>__user_perthread_libspace</STRONG> (Thumb, 0 bytes, Stack size 0 bytes, libspace.o(.text), UNUSED)

<P><STRONG><a name="[5e]"></a>_sys_exit</STRONG> (Thumb, 8 bytes, Stack size 0 bytes, sys_exit.o(.text))
<BR><BR>[Called By]<UL><LI><a href="#[5d]">&gt;&gt;</a>&nbsp;&nbsp;&nbsp;__rt_exit_exit
</UL>

<P><STRONG><a name="[f5]"></a>__I$use$semihosting</STRONG> (Thumb, 0 bytes, Stack size 0 bytes, use_no_semi.o(.text), UNUSED)

<P><STRONG><a name="[f6]"></a>__use_no_semihosting_swi</STRONG> (Thumb, 2 bytes, Stack size 0 bytes, use_no_semi.o(.text), UNUSED)

<P><STRONG><a name="[68]"></a>ADC_Cmd</STRONG> (Thumb, 22 bytes, Stack size 0 bytes, stm32f10x_adc.o(i.ADC_Cmd))
<BR><BR>[Called By]<UL><LI><a href="#[61]">&gt;&gt;</a>&nbsp;&nbsp;&nbsp;ADC_Configuration
</UL>

<P><STRONG><a name="[f7]"></a>__semihosting_library_function</STRONG> (Thumb, 0 bytes, Stack size 0 bytes, indicate_semi.o(.text), UNUSED)

<P><STRONG><a name="[61]"></a>ADC_Configuration</STRONG> (Thumb, 216 bytes, Stack size 24 bytes, sampleacquisition.o(i.ADC_Configuration))
<BR><BR>[Stack]<UL><LI>Max Depth = 44<LI>Call Chain = ADC_Configuration &rArr; ADC_RegularChannelConfig
</UL>
<BR>[Calls]<UL><LI><a href="#[6b]">&gt;&gt;</a>&nbsp;&nbsp;&nbsp;ADC_StartCalibration
<LI><a href="#[69]">&gt;&gt;</a>&nbsp;&nbsp;&nbsp;ADC_ResetCalibration
<LI><a href="#[64]">&gt;&gt;</a>&nbsp;&nbsp;&nbsp;ADC_RegularChannelConfig
<LI><a href="#[63]">&gt;&gt;</a>&nbsp;&nbsp;&nbsp;ADC_Init
<LI><a href="#[65]">&gt;&gt;</a>&nbsp;&nbsp;&nbsp;ADC_ITConfig
<LI><a href="#[6a]">&gt;&gt;</a>&nbsp;&nbsp;&nbsp;ADC_GetResetCalibrationStatus
<LI><a href="#[6c]">&gt;&gt;</a>&nbsp;&nbsp;&nbsp;ADC_GetCalibrationStatus
<LI><a href="#[66]">&gt;&gt;</a>&nbsp;&nbsp;&nbsp;ADC_ExternalTrigConvCmd
<LI><a href="#[62]">&gt;&gt;</a>&nbsp;&nbsp;&nbsp;ADC_DeInit
<LI><a href="#[67]">&gt;&gt;</a>&nbsp;&nbsp;&nbsp;ADC_DMACmd
<LI><a href="#[68]">&gt;&gt;</a>&nbsp;&nbsp;&nbsp;ADC_Cmd
</UL>
<BR>[Called By]<UL><LI><a href="#[c6]">&gt;&gt;</a>&nbsp;&nbsp;&nbsp;sampleAcquisitionInit
</UL>

<P><STRONG><a name="[67]"></a>ADC_DMACmd</STRONG> (Thumb, 22 bytes, Stack size 0 bytes, stm32f10x_adc.o(i.ADC_DMACmd))
<BR><BR>[Called By]<UL><LI><a href="#[61]">&gt;&gt;</a>&nbsp;&nbsp;&nbsp;ADC_Configuration
</UL>

<P><STRONG><a name="[62]"></a>ADC_DeInit</STRONG> (Thumb, 78 bytes, Stack size 8 bytes, stm32f10x_adc.o(i.ADC_DeInit))
<BR><BR>[Stack]<UL><LI>Max Depth = 8<LI>Call Chain = ADC_DeInit
</UL>
<BR>[Calls]<UL><LI><a href="#[6d]">&gt;&gt;</a>&nbsp;&nbsp;&nbsp;RCC_APB2PeriphResetCmd
</UL>
<BR>[Called By]<UL><LI><a href="#[61]">&gt;&gt;</a>&nbsp;&nbsp;&nbsp;ADC_Configuration
</UL>

<P><STRONG><a name="[66]"></a>ADC_ExternalTrigConvCmd</STRONG> (Thumb, 22 bytes, Stack size 0 bytes, stm32f10x_adc.o(i.ADC_ExternalTrigConvCmd))
<BR><BR>[Called By]<UL><LI><a href="#[61]">&gt;&gt;</a>&nbsp;&nbsp;&nbsp;ADC_Configuration
</UL>

<P><STRONG><a name="[6c]"></a>ADC_GetCalibrationStatus</STRONG> (Thumb, 20 bytes, Stack size 0 bytes, stm32f10x_adc.o(i.ADC_GetCalibrationStatus))
<BR><BR>[Called By]<UL><LI><a href="#[61]">&gt;&gt;</a>&nbsp;&nbsp;&nbsp;ADC_Configuration
</UL>

<P><STRONG><a name="[6a]"></a>ADC_GetResetCalibrationStatus</STRONG> (Thumb, 20 bytes, Stack size 0 bytes, stm32f10x_adc.o(i.ADC_GetResetCalibrationStatus))
<BR><BR>[Called By]<UL><LI><a href="#[61]">&gt;&gt;</a>&nbsp;&nbsp;&nbsp;ADC_Configuration
</UL>

<P><STRONG><a name="[65]"></a>ADC_ITConfig</STRONG> (Thumb, 24 bytes, Stack size 8 bytes, stm32f10x_adc.o(i.ADC_ITConfig))
<BR><BR>[Stack]<UL><LI>Max Depth = 8<LI>Call Chain = ADC_ITConfig
</UL>
<BR>[Called By]<UL><LI><a href="#[61]">&gt;&gt;</a>&nbsp;&nbsp;&nbsp;ADC_Configuration
</UL>

<P><STRONG><a name="[63]"></a>ADC_Init</STRONG> (Thumb, 70 bytes, Stack size 12 bytes, stm32f10x_adc.o(i.ADC_Init))
<BR><BR>[Stack]<UL><LI>Max Depth = 12<LI>Call Chain = ADC_Init
</UL>
<BR>[Called By]<UL><LI><a href="#[61]">&gt;&gt;</a>&nbsp;&nbsp;&nbsp;ADC_Configuration
</UL>

<P><STRONG><a name="[64]"></a>ADC_RegularChannelConfig</STRONG> (Thumb, 184 bytes, Stack size 20 bytes, stm32f10x_adc.o(i.ADC_RegularChannelConfig))
<BR><BR>[Stack]<UL><LI>Max Depth = 20<LI>Call Chain = ADC_RegularChannelConfig
</UL>
<BR>[Called By]<UL><LI><a href="#[61]">&gt;&gt;</a>&nbsp;&nbsp;&nbsp;ADC_Configuration
</UL>

<P><STRONG><a name="[69]"></a>ADC_ResetCalibration</STRONG> (Thumb, 10 bytes, Stack size 0 bytes, stm32f10x_adc.o(i.ADC_ResetCalibration))
<BR><BR>[Called By]<UL><LI><a href="#[61]">&gt;&gt;</a>&nbsp;&nbsp;&nbsp;ADC_Configuration
</UL>

<P><STRONG><a name="[6b]"></a>ADC_StartCalibration</STRONG> (Thumb, 10 bytes, Stack size 0 bytes, stm32f10x_adc.o(i.ADC_StartCalibration))
<BR><BR>[Called By]<UL><LI><a href="#[61]">&gt;&gt;</a>&nbsp;&nbsp;&nbsp;ADC_Configuration
</UL>

<P><STRONG><a name="[a6]"></a>ByteSwap</STRONG> (Thumb, 12 bytes, Stack size 0 bytes, usb_regs.o(i.ByteSwap))
<BR><BR>[Called By]<UL><LI><a href="#[72]">&gt;&gt;</a>&nbsp;&nbsp;&nbsp;Setup0_Process
</UL>

<P><STRONG><a name="[6e]"></a>CLOCK_Configure</STRONG> (Thumb, 148 bytes, Stack size 8 bytes, clock.o(i.CLOCK_Configure))
<BR><BR>[Stack]<UL><LI>Max Depth = 8<LI>Call Chain = CLOCK_Configure
</UL>
<BR>[Calls]<UL><LI><a href="#[6f]">&gt;&gt;</a>&nbsp;&nbsp;&nbsp;CLOCK_HPRECompute
</UL>
<BR>[Called By]<UL><LI><a href="#[59]">&gt;&gt;</a>&nbsp;&nbsp;&nbsp;main
</UL>

<P><STRONG><a name="[70]"></a>CTR_LP</STRONG> (Thumb, 616 bytes, Stack size 8 bytes, usb_int.o(i.CTR_LP))
<BR><BR>[Stack]<UL><LI>Max Depth = 116<LI>Call Chain = CTR_LP &rArr; Setup0_Process &rArr; Data_Setup0 &rArr; DataStageIn &rArr; UserToPMABufferCopy
</UL>
<BR>[Calls]<UL><LI><a href="#[72]">&gt;&gt;</a>&nbsp;&nbsp;&nbsp;Setup0_Process
<LI><a href="#[73]">&gt;&gt;</a>&nbsp;&nbsp;&nbsp;Out0_Process
<LI><a href="#[71]">&gt;&gt;</a>&nbsp;&nbsp;&nbsp;In0_Process
</UL>
<BR>[Called By]<UL><LI><a href="#[bb]">&gt;&gt;</a>&nbsp;&nbsp;&nbsp;USB_Istr
</UL>

<P><STRONG><a name="[a9]"></a>ClearDTOG_RX</STRONG> (Thumb, 48 bytes, Stack size 0 bytes, usb_regs.o(i.ClearDTOG_RX))
<BR><BR>[Called By]<UL><LI><a href="#[95]">&gt;&gt;</a>&nbsp;&nbsp;&nbsp;Standard_ClearFeature
</UL>

<P><STRONG><a name="[a7]"></a>ClearDTOG_TX</STRONG> (Thumb, 48 bytes, Stack size 0 bytes, usb_regs.o(i.ClearDTOG_TX))
<BR><BR>[Called By]<UL><LI><a href="#[95]">&gt;&gt;</a>&nbsp;&nbsp;&nbsp;Standard_ClearFeature
</UL>

<P><STRONG><a name="[c2]"></a>Clear_Status_Out</STRONG> (Thumb, 34 bytes, Stack size 0 bytes, usb_regs.o(i.Clear_Status_Out))
<BR><BR>[Called By]<UL><LI><a href="#[7]">&gt;&gt;</a>&nbsp;&nbsp;&nbsp;Virtual_Com_Port_Reset
</UL>

<P><STRONG><a name="[27]"></a>DMA1_Channel1_IRQHandler</STRONG> (Thumb, 24 bytes, Stack size 8 bytes, sampleacquisition.o(i.DMA1_Channel1_IRQHandler))
<BR><BR>[Stack]<UL><LI>Max Depth = 36<LI>Call Chain = DMA1_Channel1_IRQHandler &rArr; sProcUpdateSignalMaximum
</UL>
<BR>[Calls]<UL><LI><a href="#[76]">&gt;&gt;</a>&nbsp;&nbsp;&nbsp;sProcUpdateSignalMaximum
<LI><a href="#[74]">&gt;&gt;</a>&nbsp;&nbsp;&nbsp;DMA_GetITStatus
<LI><a href="#[75]">&gt;&gt;</a>&nbsp;&nbsp;&nbsp;DMA_ClearITPendingBit
</UL>
<BR>[Address Reference Count : 1]<UL><LI> startup_stm32f10x_md.o(RESET)
</UL>
<P><STRONG><a name="[75]"></a>DMA_ClearITPendingBit</STRONG> (Thumb, 18 bytes, Stack size 0 bytes, stm32f10x_dma.o(i.DMA_ClearITPendingBit))
<BR><BR>[Called By]<UL><LI><a href="#[77]">&gt;&gt;</a>&nbsp;&nbsp;&nbsp;DMA_Configuration
<LI><a href="#[27]">&gt;&gt;</a>&nbsp;&nbsp;&nbsp;DMA1_Channel1_IRQHandler
</UL>

<P><STRONG><a name="[7b]"></a>DMA_Cmd</STRONG> (Thumb, 24 bytes, Stack size 0 bytes, stm32f10x_dma.o(i.DMA_Cmd))
<BR><BR>[Called By]<UL><LI><a href="#[77]">&gt;&gt;</a>&nbsp;&nbsp;&nbsp;DMA_Configuration
</UL>

<P><STRONG><a name="[77]"></a>DMA_Configuration</STRONG> (Thumb, 90 bytes, Stack size 48 bytes, sampleacquisition.o(i.DMA_Configuration))
<BR><BR>[Stack]<UL><LI>Max Depth = 56<LI>Call Chain = DMA_Configuration &rArr; DMA_Init
</UL>
<BR>[Calls]<UL><LI><a href="#[79]">&gt;&gt;</a>&nbsp;&nbsp;&nbsp;DMA_Init
<LI><a href="#[7a]">&gt;&gt;</a>&nbsp;&nbsp;&nbsp;DMA_ITConfig
<LI><a href="#[78]">&gt;&gt;</a>&nbsp;&nbsp;&nbsp;DMA_DeInit
<LI><a href="#[7b]">&gt;&gt;</a>&nbsp;&nbsp;&nbsp;DMA_Cmd
<LI><a href="#[75]">&gt;&gt;</a>&nbsp;&nbsp;&nbsp;DMA_ClearITPendingBit
</UL>
<BR>[Called By]<UL><LI><a href="#[c6]">&gt;&gt;</a>&nbsp;&nbsp;&nbsp;sampleAcquisitionInit
</UL>

<P><STRONG><a name="[78]"></a>DMA_DeInit</STRONG> (Thumb, 324 bytes, Stack size 0 bytes, stm32f10x_dma.o(i.DMA_DeInit))
<BR><BR>[Called By]<UL><LI><a href="#[77]">&gt;&gt;</a>&nbsp;&nbsp;&nbsp;DMA_Configuration
</UL>

<P><STRONG><a name="[74]"></a>DMA_GetITStatus</STRONG> (Thumb, 36 bytes, Stack size 0 bytes, stm32f10x_dma.o(i.DMA_GetITStatus))
<BR><BR>[Called By]<UL><LI><a href="#[27]">&gt;&gt;</a>&nbsp;&nbsp;&nbsp;DMA1_Channel1_IRQHandler
</UL>

<P><STRONG><a name="[7a]"></a>DMA_ITConfig</STRONG> (Thumb, 18 bytes, Stack size 0 bytes, stm32f10x_dma.o(i.DMA_ITConfig))
<BR><BR>[Called By]<UL><LI><a href="#[77]">&gt;&gt;</a>&nbsp;&nbsp;&nbsp;DMA_Configuration
</UL>

<P><STRONG><a name="[79]"></a>DMA_Init</STRONG> (Thumb, 60 bytes, Stack size 8 bytes, stm32f10x_dma.o(i.DMA_Init))
<BR><BR>[Stack]<UL><LI>Max Depth = 8<LI>Call Chain = DMA_Init
</UL>
<BR>[Called By]<UL><LI><a href="#[77]">&gt;&gt;</a>&nbsp;&nbsp;&nbsp;DMA_Configuration
</UL>

<P><STRONG><a name="[3]"></a>EP1_IN_Callback</STRONG> (Thumb, 122 bytes, Stack size 16 bytes, usb_endp.o(i.EP1_IN_Callback))
<BR><BR>[Stack]<UL><LI>Max Depth = 36<LI>Call Chain = EP1_IN_Callback &rArr; UserToPMABufferCopy
</UL>
<BR>[Calls]<UL><LI><a href="#[7e]">&gt;&gt;</a>&nbsp;&nbsp;&nbsp;UserToPMABufferCopy
<LI><a href="#[84]">&gt;&gt;</a>&nbsp;&nbsp;&nbsp;SetEPTxValid
<LI><a href="#[7f]">&gt;&gt;</a>&nbsp;&nbsp;&nbsp;SetEPTxCount
</UL>
<BR>[Address Reference Count : 1]<UL><LI> usb_istr.o(.data)
</UL>
<P><STRONG><a name="[5]"></a>EP3_OUT_Callback</STRONG> (Thumb, 28 bytes, Stack size 8 bytes, usb_endp.o(i.EP3_OUT_Callback))
<BR><BR>[Stack]<UL><LI>Max Depth = 52<LI>Call Chain = EP3_OUT_Callback &rArr; USB_SIL_Read &rArr; PMAToUserBufferCopy
</UL>
<BR>[Calls]<UL><LI><a href="#[85]">&gt;&gt;</a>&nbsp;&nbsp;&nbsp;USB_SIL_Read
<LI><a href="#[87]">&gt;&gt;</a>&nbsp;&nbsp;&nbsp;SetEPRxValid
<LI><a href="#[86]">&gt;&gt;</a>&nbsp;&nbsp;&nbsp;USB_To_USART_Send_Data
</UL>
<BR>[Address Reference Count : 1]<UL><LI> usb_istr.o(.data)
</UL>
<P><STRONG><a name="[88]"></a>GPIO_Configuration</STRONG> (Thumb, 170 bytes, Stack size 8 bytes, sampleacquisition.o(i.GPIO_Configuration))
<BR><BR>[Stack]<UL><LI>Max Depth = 32<LI>Call Chain = GPIO_Configuration &rArr; GPIO_Init
</UL>
<BR>[Calls]<UL><LI><a href="#[89]">&gt;&gt;</a>&nbsp;&nbsp;&nbsp;GPIO_StructInit
<LI><a href="#[8a]">&gt;&gt;</a>&nbsp;&nbsp;&nbsp;GPIO_Init
</UL>
<BR>[Called By]<UL><LI><a href="#[c6]">&gt;&gt;</a>&nbsp;&nbsp;&nbsp;sampleAcquisitionInit
</UL>

<P><STRONG><a name="[8a]"></a>GPIO_Init</STRONG> (Thumb, 278 bytes, Stack size 24 bytes, stm32f10x_gpio.o(i.GPIO_Init))
<BR><BR>[Stack]<UL><LI>Max Depth = 24<LI>Call Chain = GPIO_Init
</UL>
<BR>[Called By]<UL><LI><a href="#[a2]">&gt;&gt;</a>&nbsp;&nbsp;&nbsp;Set_System
<LI><a href="#[88]">&gt;&gt;</a>&nbsp;&nbsp;&nbsp;GPIO_Configuration
</UL>

<P><STRONG><a name="[b7]"></a>GPIO_ResetBits</STRONG> (Thumb, 4 bytes, Stack size 0 bytes, stm32f10x_gpio.o(i.GPIO_ResetBits))
<BR><BR>[Called By]<UL><LI><a href="#[9a]">&gt;&gt;</a>&nbsp;&nbsp;&nbsp;USB_Cable_Config
</UL>

<P><STRONG><a name="[b8]"></a>GPIO_SetBits</STRONG> (Thumb, 4 bytes, Stack size 0 bytes, stm32f10x_gpio.o(i.GPIO_SetBits))
<BR><BR>[Called By]<UL><LI><a href="#[9a]">&gt;&gt;</a>&nbsp;&nbsp;&nbsp;USB_Cable_Config
</UL>

<P><STRONG><a name="[89]"></a>GPIO_StructInit</STRONG> (Thumb, 16 bytes, Stack size 0 bytes, stm32f10x_gpio.o(i.GPIO_StructInit))
<BR><BR>[Called By]<UL><LI><a href="#[88]">&gt;&gt;</a>&nbsp;&nbsp;&nbsp;GPIO_Configuration
</UL>

<P><STRONG><a name="[81]"></a>GetEPRxAddr</STRONG> (Thumb, 24 bytes, Stack size 0 bytes, usb_regs.o(i.GetEPRxAddr))
<BR><BR>[Called By]<UL><LI><a href="#[85]">&gt;&gt;</a>&nbsp;&nbsp;&nbsp;USB_SIL_Read
<LI><a href="#[80]">&gt;&gt;</a>&nbsp;&nbsp;&nbsp;DataStageOut
</UL>

<P><STRONG><a name="[bc]"></a>GetEPRxCount</STRONG> (Thumb, 26 bytes, Stack size 0 bytes, usb_regs.o(i.GetEPRxCount))
<BR><BR>[Called By]<UL><LI><a href="#[85]">&gt;&gt;</a>&nbsp;&nbsp;&nbsp;USB_SIL_Read
</UL>

<P><STRONG><a name="[7d]"></a>GetEPTxAddr</STRONG> (Thumb, 22 bytes, Stack size 0 bytes, usb_regs.o(i.GetEPTxAddr))
<BR><BR>[Called By]<UL><LI><a href="#[7c]">&gt;&gt;</a>&nbsp;&nbsp;&nbsp;DataStageIn
</UL>

<P><STRONG><a name="[8b]"></a>Get_SerialNum</STRONG> (Thumb, 42 bytes, Stack size 16 bytes, hw_config.o(i.Get_SerialNum))
<BR><BR>[Stack]<UL><LI>Max Depth = 28<LI>Call Chain = Get_SerialNum &rArr; IntToUnicode
</UL>
<BR>[Calls]<UL><LI><a href="#[8c]">&gt;&gt;</a>&nbsp;&nbsp;&nbsp;IntToUnicode
</UL>
<BR>[Called By]<UL><LI><a href="#[6]">&gt;&gt;</a>&nbsp;&nbsp;&nbsp;Virtual_Com_Port_init
</UL>

<P><STRONG><a name="[8d]"></a>Handle_USBAsynchXfer</STRONG> (Thumb, 192 bytes, Stack size 16 bytes, hw_config.o(i.Handle_USBAsynchXfer))
<BR><BR>[Stack]<UL><LI>Max Depth = 36<LI>Call Chain = Handle_USBAsynchXfer &rArr; UserToPMABufferCopy
</UL>
<BR>[Calls]<UL><LI><a href="#[7e]">&gt;&gt;</a>&nbsp;&nbsp;&nbsp;UserToPMABufferCopy
<LI><a href="#[84]">&gt;&gt;</a>&nbsp;&nbsp;&nbsp;SetEPTxValid
<LI><a href="#[7f]">&gt;&gt;</a>&nbsp;&nbsp;&nbsp;SetEPTxCount
</UL>
<BR>[Called By]<UL><LI><a href="#[9f]">&gt;&gt;</a>&nbsp;&nbsp;&nbsp;SOF_Callback
</UL>

<P><STRONG><a name="[8e]"></a>IT_Configuration</STRONG> (Thumb, 64 bytes, Stack size 8 bytes, sampleacquisition.o(i.IT_Configuration))
<BR><BR>[Stack]<UL><LI>Max Depth = 24<LI>Call Chain = IT_Configuration &rArr; NVIC_Init
</UL>
<BR>[Calls]<UL><LI><a href="#[8f]">&gt;&gt;</a>&nbsp;&nbsp;&nbsp;NVIC_Init
</UL>
<BR>[Called By]<UL><LI><a href="#[c6]">&gt;&gt;</a>&nbsp;&nbsp;&nbsp;sampleAcquisitionInit
</UL>

<P><STRONG><a name="[71]"></a>In0_Process</STRONG> (Thumb, 98 bytes, Stack size 8 bytes, usb_core.o(i.In0_Process))
<BR><BR>[Stack]<UL><LI>Max Depth = 60<LI>Call Chain = In0_Process &rArr; DataStageIn &rArr; UserToPMABufferCopy
</UL>
<BR>[Calls]<UL><LI><a href="#[90]">&gt;&gt;</a>&nbsp;&nbsp;&nbsp;SetDeviceAddress
<LI><a href="#[91]">&gt;&gt;</a>&nbsp;&nbsp;&nbsp;Post0_Process
<LI><a href="#[7c]">&gt;&gt;</a>&nbsp;&nbsp;&nbsp;DataStageIn
</UL>
<BR>[Called By]<UL><LI><a href="#[70]">&gt;&gt;</a>&nbsp;&nbsp;&nbsp;CTR_LP
</UL>

<P><STRONG><a name="[4]"></a>NOP_Process</STRONG> (Thumb, 2 bytes, Stack size 0 bytes, usb_core.o(i.NOP_Process))
<BR>[Address Reference Count : 2]<UL><LI> usb_prop.o(.data)
<LI> usb_istr.o(.data)
</UL>
<P><STRONG><a name="[8f]"></a>NVIC_Init</STRONG> (Thumb, 100 bytes, Stack size 16 bytes, misc.o(i.NVIC_Init))
<BR><BR>[Stack]<UL><LI>Max Depth = 16<LI>Call Chain = NVIC_Init
</UL>
<BR>[Called By]<UL><LI><a href="#[b9]">&gt;&gt;</a>&nbsp;&nbsp;&nbsp;USB_Interrupts_Config
<LI><a href="#[c9]">&gt;&gt;</a>&nbsp;&nbsp;&nbsp;usbCommInitPeriodicSending
<LI><a href="#[8e]">&gt;&gt;</a>&nbsp;&nbsp;&nbsp;IT_Configuration
</UL>

<P><STRONG><a name="[ba]"></a>NVIC_PriorityGroupConfig</STRONG> (Thumb, 10 bytes, Stack size 0 bytes, misc.o(i.NVIC_PriorityGroupConfig))
<BR><BR>[Called By]<UL><LI><a href="#[b9]">&gt;&gt;</a>&nbsp;&nbsp;&nbsp;USB_Interrupts_Config
</UL>

<P><STRONG><a name="[73]"></a>Out0_Process</STRONG> (Thumb, 70 bytes, Stack size 8 bytes, usb_core.o(i.Out0_Process))
<BR><BR>[Stack]<UL><LI>Max Depth = 52<LI>Call Chain = Out0_Process &rArr; DataStageOut &rArr; PMAToUserBufferCopy
</UL>
<BR>[Calls]<UL><LI><a href="#[91]">&gt;&gt;</a>&nbsp;&nbsp;&nbsp;Post0_Process
<LI><a href="#[80]">&gt;&gt;</a>&nbsp;&nbsp;&nbsp;DataStageOut
</UL>
<BR>[Called By]<UL><LI><a href="#[70]">&gt;&gt;</a>&nbsp;&nbsp;&nbsp;CTR_LP
</UL>

<P><STRONG><a name="[82]"></a>PMAToUserBufferCopy</STRONG> (Thumb, 34 bytes, Stack size 20 bytes, usb_mem.o(i.PMAToUserBufferCopy))
<BR><BR>[Stack]<UL><LI>Max Depth = 20<LI>Call Chain = PMAToUserBufferCopy
</UL>
<BR>[Called By]<UL><LI><a href="#[85]">&gt;&gt;</a>&nbsp;&nbsp;&nbsp;USB_SIL_Read
<LI><a href="#[80]">&gt;&gt;</a>&nbsp;&nbsp;&nbsp;DataStageOut
</UL>

<P><STRONG><a name="[91]"></a>Post0_Process</STRONG> (Thumb, 54 bytes, Stack size 8 bytes, usb_core.o(i.Post0_Process))
<BR><BR>[Stack]<UL><LI>Max Depth = 16<LI>Call Chain = Post0_Process &rArr; SetEPRxCount
</UL>
<BR>[Calls]<UL><LI><a href="#[98]">&gt;&gt;</a>&nbsp;&nbsp;&nbsp;SetEPRxCount
</UL>
<BR>[Called By]<UL><LI><a href="#[72]">&gt;&gt;</a>&nbsp;&nbsp;&nbsp;Setup0_Process
<LI><a href="#[73]">&gt;&gt;</a>&nbsp;&nbsp;&nbsp;Out0_Process
<LI><a href="#[71]">&gt;&gt;</a>&nbsp;&nbsp;&nbsp;In0_Process
</UL>

<P><STRONG><a name="[99]"></a>PowerOn</STRONG> (Thumb, 54 bytes, Stack size 8 bytes, usb_pwr.o(i.PowerOn))
<BR><BR>[Stack]<UL><LI>Max Depth = 16<LI>Call Chain = PowerOn &rArr; USB_Cable_Config
</UL>
<BR>[Calls]<UL><LI><a href="#[9a]">&gt;&gt;</a>&nbsp;&nbsp;&nbsp;USB_Cable_Config
</UL>
<BR>[Called By]<UL><LI><a href="#[6]">&gt;&gt;</a>&nbsp;&nbsp;&nbsp;Virtual_Com_Port_init
</UL>

<P><STRONG><a name="[9c]"></a>RCC_ADCCLKConfig</STRONG> (Thumb, 18 bytes, Stack size 0 bytes, stm32f10x_rcc.o(i.RCC_ADCCLKConfig))
<BR><BR>[Called By]<UL><LI><a href="#[9b]">&gt;&gt;</a>&nbsp;&nbsp;&nbsp;RCC_Configuration
</UL>

<P><STRONG><a name="[9d]"></a>RCC_AHBPeriphClockCmd</STRONG> (Thumb, 26 bytes, Stack size 0 bytes, stm32f10x_rcc.o(i.RCC_AHBPeriphClockCmd))
<BR><BR>[Called By]<UL><LI><a href="#[9b]">&gt;&gt;</a>&nbsp;&nbsp;&nbsp;RCC_Configuration
</UL>

<P><STRONG><a name="[a5]"></a>RCC_APB1PeriphClockCmd</STRONG> (Thumb, 26 bytes, Stack size 0 bytes, stm32f10x_rcc.o(i.RCC_APB1PeriphClockCmd))
<BR><BR>[Called By]<UL><LI><a href="#[a3]">&gt;&gt;</a>&nbsp;&nbsp;&nbsp;Set_USBClock
<LI><a href="#[c9]">&gt;&gt;</a>&nbsp;&nbsp;&nbsp;usbCommInitPeriodicSending
</UL>

<P><STRONG><a name="[9e]"></a>RCC_APB2PeriphClockCmd</STRONG> (Thumb, 26 bytes, Stack size 0 bytes, stm32f10x_rcc.o(i.RCC_APB2PeriphClockCmd))
<BR><BR>[Called By]<UL><LI><a href="#[a2]">&gt;&gt;</a>&nbsp;&nbsp;&nbsp;Set_System
<LI><a href="#[9b]">&gt;&gt;</a>&nbsp;&nbsp;&nbsp;RCC_Configuration
</UL>

<P><STRONG><a name="[6d]"></a>RCC_APB2PeriphResetCmd</STRONG> (Thumb, 26 bytes, Stack size 0 bytes, stm32f10x_rcc.o(i.RCC_APB2PeriphResetCmd))
<BR><BR>[Called By]<UL><LI><a href="#[62]">&gt;&gt;</a>&nbsp;&nbsp;&nbsp;ADC_DeInit
</UL>

<P><STRONG><a name="[9b]"></a>RCC_Configuration</STRONG> (Thumb, 30 bytes, Stack size 8 bytes, sampleacquisition.o(i.RCC_Configuration))
<BR><BR>[Stack]<UL><LI>Max Depth = 8<LI>Call Chain = RCC_Configuration
</UL>
<BR>[Calls]<UL><LI><a href="#[9e]">&gt;&gt;</a>&nbsp;&nbsp;&nbsp;RCC_APB2PeriphClockCmd
<LI><a href="#[9d]">&gt;&gt;</a>&nbsp;&nbsp;&nbsp;RCC_AHBPeriphClockCmd
<LI><a href="#[9c]">&gt;&gt;</a>&nbsp;&nbsp;&nbsp;RCC_ADCCLKConfig
</UL>
<BR>[Called By]<UL><LI><a href="#[c6]">&gt;&gt;</a>&nbsp;&nbsp;&nbsp;sampleAcquisitionInit
</UL>

<P><STRONG><a name="[a4]"></a>RCC_USBCLKConfig</STRONG> (Thumb, 6 bytes, Stack size 0 bytes, stm32f10x_rcc.o(i.RCC_USBCLKConfig))
<BR><BR>[Called By]<UL><LI><a href="#[a3]">&gt;&gt;</a>&nbsp;&nbsp;&nbsp;Set_USBClock
</UL>

<P><STRONG><a name="[9f]"></a>SOF_Callback</STRONG> (Thumb, 52 bytes, Stack size 8 bytes, usb_endp.o(i.SOF_Callback))
<BR><BR>[Stack]<UL><LI>Max Depth = 44<LI>Call Chain = SOF_Callback &rArr; Handle_USBAsynchXfer &rArr; UserToPMABufferCopy
</UL>
<BR>[Calls]<UL><LI><a href="#[8d]">&gt;&gt;</a>&nbsp;&nbsp;&nbsp;Handle_USBAsynchXfer
</UL>
<BR>[Called By]<UL><LI><a href="#[bb]">&gt;&gt;</a>&nbsp;&nbsp;&nbsp;USB_Istr
</UL>

<P><STRONG><a name="[be]"></a>SetBTABLE</STRONG> (Thumb, 12 bytes, Stack size 0 bytes, usb_regs.o(i.SetBTABLE))
<BR><BR>[Called By]<UL><LI><a href="#[7]">&gt;&gt;</a>&nbsp;&nbsp;&nbsp;Virtual_Com_Port_Reset
</UL>

<P><STRONG><a name="[90]"></a>SetDeviceAddress</STRONG> (Thumb, 68 bytes, Stack size 12 bytes, usb_core.o(i.SetDeviceAddress))
<BR><BR>[Stack]<UL><LI>Max Depth = 12<LI>Call Chain = SetDeviceAddress
</UL>
<BR>[Called By]<UL><LI><a href="#[7]">&gt;&gt;</a>&nbsp;&nbsp;&nbsp;Virtual_Com_Port_Reset
<LI><a href="#[71]">&gt;&gt;</a>&nbsp;&nbsp;&nbsp;In0_Process
</UL>

<P><STRONG><a name="[c0]"></a>SetEPRxAddr</STRONG> (Thumb, 26 bytes, Stack size 8 bytes, usb_regs.o(i.SetEPRxAddr))
<BR><BR>[Stack]<UL><LI>Max Depth = 8<LI>Call Chain = SetEPRxAddr
</UL>
<BR>[Called By]<UL><LI><a href="#[7]">&gt;&gt;</a>&nbsp;&nbsp;&nbsp;Virtual_Com_Port_Reset
</UL>

<P><STRONG><a name="[98]"></a>SetEPRxCount</STRONG> (Thumb, 68 bytes, Stack size 8 bytes, usb_regs.o(i.SetEPRxCount))
<BR><BR>[Stack]<UL><LI>Max Depth = 8<LI>Call Chain = SetEPRxCount
</UL>
<BR>[Called By]<UL><LI><a href="#[7]">&gt;&gt;</a>&nbsp;&nbsp;&nbsp;Virtual_Com_Port_Reset
<LI><a href="#[95]">&gt;&gt;</a>&nbsp;&nbsp;&nbsp;Standard_ClearFeature
<LI><a href="#[91]">&gt;&gt;</a>&nbsp;&nbsp;&nbsp;Post0_Process
</UL>

<P><STRONG><a name="[c3]"></a>SetEPRxStatus</STRONG> (Thumb, 60 bytes, Stack size 12 bytes, usb_regs.o(i.SetEPRxStatus))
<BR><BR>[Stack]<UL><LI>Max Depth = 12<LI>Call Chain = SetEPRxStatus
</UL>
<BR>[Called By]<UL><LI><a href="#[7]">&gt;&gt;</a>&nbsp;&nbsp;&nbsp;Virtual_Com_Port_Reset
</UL>

<P><STRONG><a name="[87]"></a>SetEPRxValid</STRONG> (Thumb, 48 bytes, Stack size 8 bytes, usb_regs.o(i.SetEPRxValid))
<BR><BR>[Stack]<UL><LI>Max Depth = 8<LI>Call Chain = SetEPRxValid
</UL>
<BR>[Called By]<UL><LI><a href="#[7]">&gt;&gt;</a>&nbsp;&nbsp;&nbsp;Virtual_Com_Port_Reset
<LI><a href="#[5]">&gt;&gt;</a>&nbsp;&nbsp;&nbsp;EP3_OUT_Callback
</UL>

<P><STRONG><a name="[c1]"></a>SetEPTxAddr</STRONG> (Thumb, 24 bytes, Stack size 8 bytes, usb_regs.o(i.SetEPTxAddr))
<BR><BR>[Stack]<UL><LI>Max Depth = 8<LI>Call Chain = SetEPTxAddr
</UL>
<BR>[Called By]<UL><LI><a href="#[7]">&gt;&gt;</a>&nbsp;&nbsp;&nbsp;Virtual_Com_Port_Reset
</UL>

<P><STRONG><a name="[7f]"></a>SetEPTxCount</STRONG> (Thumb, 20 bytes, Stack size 0 bytes, usb_regs.o(i.SetEPTxCount))
<BR><BR>[Called By]<UL><LI><a href="#[3]">&gt;&gt;</a>&nbsp;&nbsp;&nbsp;EP1_IN_Callback
<LI><a href="#[80]">&gt;&gt;</a>&nbsp;&nbsp;&nbsp;DataStageOut
<LI><a href="#[7c]">&gt;&gt;</a>&nbsp;&nbsp;&nbsp;DataStageIn
<LI><a href="#[8d]">&gt;&gt;</a>&nbsp;&nbsp;&nbsp;Handle_USBAsynchXfer
</UL>

<P><STRONG><a name="[a8]"></a>SetEPTxStatus</STRONG> (Thumb, 60 bytes, Stack size 12 bytes, usb_regs.o(i.SetEPTxStatus))
<BR><BR>[Stack]<UL><LI>Max Depth = 12<LI>Call Chain = SetEPTxStatus
</UL>
<BR>[Called By]<UL><LI><a href="#[7]">&gt;&gt;</a>&nbsp;&nbsp;&nbsp;Virtual_Com_Port_Reset
<LI><a href="#[95]">&gt;&gt;</a>&nbsp;&nbsp;&nbsp;Standard_ClearFeature
</UL>

<P><STRONG><a name="[84]"></a>SetEPTxValid</STRONG> (Thumb, 48 bytes, Stack size 8 bytes, usb_regs.o(i.SetEPTxValid))
<BR><BR>[Stack]<UL><LI>Max Depth = 8<LI>Call Chain = SetEPTxValid
</UL>
<BR>[Called By]<UL><LI><a href="#[3]">&gt;&gt;</a>&nbsp;&nbsp;&nbsp;EP1_IN_Callback
<LI><a href="#[8d]">&gt;&gt;</a>&nbsp;&nbsp;&nbsp;Handle_USBAsynchXfer
</UL>

<P><STRONG><a name="[bf]"></a>SetEPType</STRONG> (Thumb, 32 bytes, Stack size 8 bytes, usb_regs.o(i.SetEPType))
<BR><BR>[Stack]<UL><LI>Max Depth = 8<LI>Call Chain = SetEPType
</UL>
<BR>[Called By]<UL><LI><a href="#[7]">&gt;&gt;</a>&nbsp;&nbsp;&nbsp;Virtual_Com_Port_Reset
</UL>

<P><STRONG><a name="[a2]"></a>Set_System</STRONG> (Thumb, 40 bytes, Stack size 8 bytes, hw_config.o(i.Set_System))
<BR><BR>[Stack]<UL><LI>Max Depth = 32<LI>Call Chain = Set_System &rArr; GPIO_Init
</UL>
<BR>[Calls]<UL><LI><a href="#[9e]">&gt;&gt;</a>&nbsp;&nbsp;&nbsp;RCC_APB2PeriphClockCmd
<LI><a href="#[8a]">&gt;&gt;</a>&nbsp;&nbsp;&nbsp;GPIO_Init
</UL>
<BR>[Called By]<UL><LI><a href="#[c5]">&gt;&gt;</a>&nbsp;&nbsp;&nbsp;usbCommInit
</UL>

<P><STRONG><a name="[a3]"></a>Set_USBClock</STRONG> (Thumb, 18 bytes, Stack size 8 bytes, hw_config.o(i.Set_USBClock))
<BR><BR>[Stack]<UL><LI>Max Depth = 8<LI>Call Chain = Set_USBClock
</UL>
<BR>[Calls]<UL><LI><a href="#[a5]">&gt;&gt;</a>&nbsp;&nbsp;&nbsp;RCC_APB1PeriphClockCmd
<LI><a href="#[a4]">&gt;&gt;</a>&nbsp;&nbsp;&nbsp;RCC_USBCLKConfig
</UL>
<BR>[Called By]<UL><LI><a href="#[c5]">&gt;&gt;</a>&nbsp;&nbsp;&nbsp;usbCommInit
</UL>

<P><STRONG><a name="[72]"></a>Setup0_Process</STRONG> (Thumb, 170 bytes, Stack size 16 bytes, usb_core.o(i.Setup0_Process))
<BR><BR>[Stack]<UL><LI>Max Depth = 108<LI>Call Chain = Setup0_Process &rArr; Data_Setup0 &rArr; DataStageIn &rArr; UserToPMABufferCopy
</UL>
<BR>[Calls]<UL><LI><a href="#[a6]">&gt;&gt;</a>&nbsp;&nbsp;&nbsp;ByteSwap
<LI><a href="#[91]">&gt;&gt;</a>&nbsp;&nbsp;&nbsp;Post0_Process
<LI><a href="#[92]">&gt;&gt;</a>&nbsp;&nbsp;&nbsp;NoData_Setup0
<LI><a href="#[83]">&gt;&gt;</a>&nbsp;&nbsp;&nbsp;Data_Setup0
</UL>
<BR>[Called By]<UL><LI><a href="#[70]">&gt;&gt;</a>&nbsp;&nbsp;&nbsp;CTR_LP
</UL>

<P><STRONG><a name="[95]"></a>Standard_ClearFeature</STRONG> (Thumb, 342 bytes, Stack size 32 bytes, usb_core.o(i.Standard_ClearFeature))
<BR><BR>[Stack]<UL><LI>Max Depth = 44<LI>Call Chain = Standard_ClearFeature &rArr; SetEPTxStatus
</UL>
<BR>[Calls]<UL><LI><a href="#[a8]">&gt;&gt;</a>&nbsp;&nbsp;&nbsp;SetEPTxStatus
<LI><a href="#[98]">&gt;&gt;</a>&nbsp;&nbsp;&nbsp;SetEPRxCount
<LI><a href="#[a7]">&gt;&gt;</a>&nbsp;&nbsp;&nbsp;ClearDTOG_TX
<LI><a href="#[a9]">&gt;&gt;</a>&nbsp;&nbsp;&nbsp;ClearDTOG_RX
</UL>
<BR>[Called By]<UL><LI><a href="#[92]">&gt;&gt;</a>&nbsp;&nbsp;&nbsp;NoData_Setup0
</UL>

<P><STRONG><a name="[4a]"></a>Standard_GetConfiguration</STRONG> (Thumb, 34 bytes, Stack size 8 bytes, usb_core.o(i.Standard_GetConfiguration))
<BR><BR>[Stack]<UL><LI>Max Depth = 8<LI>Call Chain = Standard_GetConfiguration
</UL>
<BR>[Address Reference Count : 1]<UL><LI> usb_core.o(i.Data_Setup0)
</UL>
<P><STRONG><a name="[bd]"></a>Standard_GetDescriptorData</STRONG> (Thumb, 32 bytes, Stack size 8 bytes, usb_core.o(i.Standard_GetDescriptorData))
<BR><BR>[Stack]<UL><LI>Max Depth = 8<LI>Call Chain = Standard_GetDescriptorData
</UL>
<BR>[Called By]<UL><LI><a href="#[f]">&gt;&gt;</a>&nbsp;&nbsp;&nbsp;Virtual_Com_Port_GetStringDescriptor
<LI><a href="#[d]">&gt;&gt;</a>&nbsp;&nbsp;&nbsp;Virtual_Com_Port_GetDeviceDescriptor
<LI><a href="#[e]">&gt;&gt;</a>&nbsp;&nbsp;&nbsp;Virtual_Com_Port_GetConfigDescriptor
</UL>

<P><STRONG><a name="[4b]"></a>Standard_GetInterface</STRONG> (Thumb, 34 bytes, Stack size 8 bytes, usb_core.o(i.Standard_GetInterface))
<BR><BR>[Stack]<UL><LI>Max Depth = 8<LI>Call Chain = Standard_GetInterface
</UL>
<BR>[Address Reference Count : 1]<UL><LI> usb_core.o(i.Data_Setup0)
</UL>
<P><STRONG><a name="[49]"></a>Standard_GetStatus</STRONG> (Thumb, 238 bytes, Stack size 8 bytes, usb_core.o(i.Standard_GetStatus))
<BR><BR>[Stack]<UL><LI>Max Depth = 8<LI>Call Chain = Standard_GetStatus
</UL>
<BR>[Address Reference Count : 1]<UL><LI> usb_core.o(i.Data_Setup0)
</UL>
<P><STRONG><a name="[93]"></a>Standard_SetConfiguration</STRONG> (Thumb, 60 bytes, Stack size 8 bytes, usb_core.o(i.Standard_SetConfiguration))
<BR><BR>[Stack]<UL><LI>Max Depth = 8<LI>Call Chain = Standard_SetConfiguration
</UL>
<BR>[Called By]<UL><LI><a href="#[92]">&gt;&gt;</a>&nbsp;&nbsp;&nbsp;NoData_Setup0
</UL>

<P><STRONG><a name="[94]"></a>Standard_SetDeviceFeature</STRONG> (Thumb, 30 bytes, Stack size 8 bytes, usb_core.o(i.Standard_SetDeviceFeature))
<BR><BR>[Stack]<UL><LI>Max Depth = 8<LI>Call Chain = Standard_SetDeviceFeature
</UL>
<BR>[Called By]<UL><LI><a href="#[92]">&gt;&gt;</a>&nbsp;&nbsp;&nbsp;NoData_Setup0
</UL>

<P><STRONG><a name="[97]"></a>Standard_SetEndPointFeature</STRONG> (Thumb, 192 bytes, Stack size 24 bytes, usb_core.o(i.Standard_SetEndPointFeature))
<BR><BR>[Stack]<UL><LI>Max Depth = 24<LI>Call Chain = Standard_SetEndPointFeature
</UL>
<BR>[Called By]<UL><LI><a href="#[92]">&gt;&gt;</a>&nbsp;&nbsp;&nbsp;NoData_Setup0
</UL>

<P><STRONG><a name="[96]"></a>Standard_SetInterface</STRONG> (Thumb, 96 bytes, Stack size 8 bytes, usb_core.o(i.Standard_SetInterface))
<BR><BR>[Stack]<UL><LI>Max Depth = 8<LI>Call Chain = Standard_SetInterface
</UL>
<BR>[Called By]<UL><LI><a href="#[92]">&gt;&gt;</a>&nbsp;&nbsp;&nbsp;NoData_Setup0
</UL>

<P><STRONG><a name="[47]"></a>SystemInit</STRONG> (Thumb, 78 bytes, Stack size 8 bytes, system_stm32f10x.o(i.SystemInit))
<BR><BR>[Stack]<UL><LI>Max Depth = 28<LI>Call Chain = SystemInit &rArr; SetSysClock &rArr; SetSysClockTo72
</UL>
<BR>[Calls]<UL><LI><a href="#[a0]">&gt;&gt;</a>&nbsp;&nbsp;&nbsp;SetSysClock
</UL>
<BR>[Address Reference Count : 1]<UL><LI> startup_stm32f10x_md.o(.text)
</UL>
<P><STRONG><a name="[35]"></a>TIM1_UP_IRQHandler</STRONG> (Thumb, 22 bytes, Stack size 8 bytes, sampleacquisition.o(i.TIM1_UP_IRQHandler))
<BR><BR>[Stack]<UL><LI>Max Depth = 8<LI>Call Chain = TIM1_UP_IRQHandler
</UL>
<BR>[Calls]<UL><LI><a href="#[aa]">&gt;&gt;</a>&nbsp;&nbsp;&nbsp;TIM_ClearITPendingBit
</UL>
<BR>[Address Reference Count : 1]<UL><LI> startup_stm32f10x_md.o(RESET)
</UL>
<P><STRONG><a name="[38]"></a>TIM2_IRQHandler</STRONG> (Thumb, 56 bytes, Stack size 48 bytes, usbcomm.o(i.TIM2_IRQHandler))
<BR><BR>[Stack]<UL><LI>Max Depth = 72<LI>Call Chain = TIM2_IRQHandler &rArr; usbCommSendData &rArr; usbCommSendChar
</UL>
<BR>[Calls]<UL><LI><a href="#[ab]">&gt;&gt;</a>&nbsp;&nbsp;&nbsp;sProcGetsignalsMaximumValues
<LI><a href="#[ad]">&gt;&gt;</a>&nbsp;&nbsp;&nbsp;usbCommSendData
<LI><a href="#[ac]">&gt;&gt;</a>&nbsp;&nbsp;&nbsp;createSerialFrameForSignalsMaximum
<LI><a href="#[aa]">&gt;&gt;</a>&nbsp;&nbsp;&nbsp;TIM_ClearITPendingBit
<LI><a href="#[ae]">&gt;&gt;</a>&nbsp;&nbsp;&nbsp;sProcInit
</UL>
<BR>[Address Reference Count : 1]<UL><LI> startup_stm32f10x_md.o(RESET)
</UL>
<P><STRONG><a name="[af]"></a>TIMER_Configuration</STRONG> (Thumb, 112 bytes, Stack size 32 bytes, sampleacquisition.o(i.TIMER_Configuration))
<BR><BR>[Stack]<UL><LI>Max Depth = 48<LI>Call Chain = TIMER_Configuration &rArr; TIM_OC1Init
</UL>
<BR>[Calls]<UL><LI><a href="#[b0]">&gt;&gt;</a>&nbsp;&nbsp;&nbsp;TIM_TimeBaseStructInit
<LI><a href="#[b1]">&gt;&gt;</a>&nbsp;&nbsp;&nbsp;TIM_TimeBaseInit
<LI><a href="#[b2]">&gt;&gt;</a>&nbsp;&nbsp;&nbsp;TIM_OCStructInit
<LI><a href="#[b3]">&gt;&gt;</a>&nbsp;&nbsp;&nbsp;TIM_OC1Init
<LI><a href="#[b4]">&gt;&gt;</a>&nbsp;&nbsp;&nbsp;TIM_ITConfig
<LI><a href="#[b6]">&gt;&gt;</a>&nbsp;&nbsp;&nbsp;TIM_CtrlPWMOutputs
<LI><a href="#[b5]">&gt;&gt;</a>&nbsp;&nbsp;&nbsp;TIM_Cmd
<LI><a href="#[aa]">&gt;&gt;</a>&nbsp;&nbsp;&nbsp;TIM_ClearITPendingBit
</UL>
<BR>[Called By]<UL><LI><a href="#[c6]">&gt;&gt;</a>&nbsp;&nbsp;&nbsp;sampleAcquisitionInit
</UL>

<P><STRONG><a name="[aa]"></a>TIM_ClearITPendingBit</STRONG> (Thumb, 6 bytes, Stack size 0 bytes, stm32f10x_tim.o(i.TIM_ClearITPendingBit))
<BR><BR>[Called By]<UL><LI><a href="#[c9]">&gt;&gt;</a>&nbsp;&nbsp;&nbsp;usbCommInitPeriodicSending
<LI><a href="#[38]">&gt;&gt;</a>&nbsp;&nbsp;&nbsp;TIM2_IRQHandler
<LI><a href="#[af]">&gt;&gt;</a>&nbsp;&nbsp;&nbsp;TIMER_Configuration
<LI><a href="#[35]">&gt;&gt;</a>&nbsp;&nbsp;&nbsp;TIM1_UP_IRQHandler
</UL>

<P><STRONG><a name="[b5]"></a>TIM_Cmd</STRONG> (Thumb, 24 bytes, Stack size 0 bytes, stm32f10x_tim.o(i.TIM_Cmd))
<BR><BR>[Called By]<UL><LI><a href="#[c9]">&gt;&gt;</a>&nbsp;&nbsp;&nbsp;usbCommInitPeriodicSending
<LI><a href="#[af]">&gt;&gt;</a>&nbsp;&nbsp;&nbsp;TIMER_Configuration
</UL>

<P><STRONG><a name="[b6]"></a>TIM_CtrlPWMOutputs</STRONG> (Thumb, 30 bytes, Stack size 0 bytes, stm32f10x_tim.o(i.TIM_CtrlPWMOutputs))
<BR><BR>[Called By]<UL><LI><a href="#[af]">&gt;&gt;</a>&nbsp;&nbsp;&nbsp;TIMER_Configuration
</UL>

<P><STRONG><a name="[b4]"></a>TIM_ITConfig</STRONG> (Thumb, 18 bytes, Stack size 0 bytes, stm32f10x_tim.o(i.TIM_ITConfig))
<BR><BR>[Called By]<UL><LI><a href="#[c9]">&gt;&gt;</a>&nbsp;&nbsp;&nbsp;usbCommInitPeriodicSending
<LI><a href="#[af]">&gt;&gt;</a>&nbsp;&nbsp;&nbsp;TIMER_Configuration
</UL>

<P><STRONG><a name="[b3]"></a>TIM_OC1Init</STRONG> (Thumb, 132 bytes, Stack size 16 bytes, stm32f10x_tim.o(i.TIM_OC1Init))
<BR><BR>[Stack]<UL><LI>Max Depth = 16<LI>Call Chain = TIM_OC1Init
</UL>
<BR>[Called By]<UL><LI><a href="#[af]">&gt;&gt;</a>&nbsp;&nbsp;&nbsp;TIMER_Configuration
</UL>

<P><STRONG><a name="[b2]"></a>TIM_OCStructInit</STRONG> (Thumb, 20 bytes, Stack size 0 bytes, stm32f10x_tim.o(i.TIM_OCStructInit))
<BR><BR>[Called By]<UL><LI><a href="#[af]">&gt;&gt;</a>&nbsp;&nbsp;&nbsp;TIMER_Configuration
</UL>

<P><STRONG><a name="[b1]"></a>TIM_TimeBaseInit</STRONG> (Thumb, 122 bytes, Stack size 0 bytes, stm32f10x_tim.o(i.TIM_TimeBaseInit))
<BR><BR>[Called By]<UL><LI><a href="#[c9]">&gt;&gt;</a>&nbsp;&nbsp;&nbsp;usbCommInitPeriodicSending
<LI><a href="#[af]">&gt;&gt;</a>&nbsp;&nbsp;&nbsp;TIMER_Configuration
</UL>

<P><STRONG><a name="[b0]"></a>TIM_TimeBaseStructInit</STRONG> (Thumb, 18 bytes, Stack size 0 bytes, stm32f10x_tim.o(i.TIM_TimeBaseStructInit))
<BR><BR>[Called By]<UL><LI><a href="#[c9]">&gt;&gt;</a>&nbsp;&nbsp;&nbsp;usbCommInitPeriodicSending
<LI><a href="#[af]">&gt;&gt;</a>&nbsp;&nbsp;&nbsp;TIMER_Configuration
</UL>

<P><STRONG><a name="[9a]"></a>USB_Cable_Config</STRONG> (Thumb, 30 bytes, Stack size 8 bytes, hw_config.o(i.USB_Cable_Config))
<BR><BR>[Stack]<UL><LI>Max Depth = 8<LI>Call Chain = USB_Cable_Config
</UL>
<BR>[Calls]<UL><LI><a href="#[b8]">&gt;&gt;</a>&nbsp;&nbsp;&nbsp;GPIO_SetBits
<LI><a href="#[b7]">&gt;&gt;</a>&nbsp;&nbsp;&nbsp;GPIO_ResetBits
</UL>
<BR>[Called By]<UL><LI><a href="#[99]">&gt;&gt;</a>&nbsp;&nbsp;&nbsp;PowerOn
</UL>

<P><STRONG><a name="[c8]"></a>USB_GetState</STRONG> (Thumb, 6 bytes, Stack size 0 bytes, hw_config.o(i.USB_GetState))
<BR><BR>[Called By]<UL><LI><a href="#[c5]">&gt;&gt;</a>&nbsp;&nbsp;&nbsp;usbCommInit
</UL>

<P><STRONG><a name="[c7]"></a>USB_Init</STRONG> (Thumb, 36 bytes, Stack size 8 bytes, usb_init.o(i.USB_Init))
<BR><BR>[Stack]<UL><LI>Max Depth = 8<LI>Call Chain = USB_Init
</UL>
<BR>[Called By]<UL><LI><a href="#[c5]">&gt;&gt;</a>&nbsp;&nbsp;&nbsp;usbCommInit
</UL>

<P><STRONG><a name="[b9]"></a>USB_Interrupts_Config</STRONG> (Thumb, 42 bytes, Stack size 8 bytes, hw_config.o(i.USB_Interrupts_Config))
<BR><BR>[Stack]<UL><LI>Max Depth = 24<LI>Call Chain = USB_Interrupts_Config &rArr; NVIC_Init
</UL>
<BR>[Calls]<UL><LI><a href="#[ba]">&gt;&gt;</a>&nbsp;&nbsp;&nbsp;NVIC_PriorityGroupConfig
<LI><a href="#[8f]">&gt;&gt;</a>&nbsp;&nbsp;&nbsp;NVIC_Init
</UL>
<BR>[Called By]<UL><LI><a href="#[c5]">&gt;&gt;</a>&nbsp;&nbsp;&nbsp;usbCommInit
</UL>

<P><STRONG><a name="[bb]"></a>USB_Istr</STRONG> (Thumb, 100 bytes, Stack size 8 bytes, usb_istr.o(i.USB_Istr))
<BR><BR>[Stack]<UL><LI>Max Depth = 124<LI>Call Chain = USB_Istr &rArr; CTR_LP &rArr; Setup0_Process &rArr; Data_Setup0 &rArr; DataStageIn &rArr; UserToPMABufferCopy
</UL>
<BR>[Calls]<UL><LI><a href="#[70]">&gt;&gt;</a>&nbsp;&nbsp;&nbsp;CTR_LP
<LI><a href="#[9f]">&gt;&gt;</a>&nbsp;&nbsp;&nbsp;SOF_Callback
</UL>
<BR>[Called By]<UL><LI><a href="#[30]">&gt;&gt;</a>&nbsp;&nbsp;&nbsp;USB_LP_CAN1_RX0_IRQHandler
</UL>

<P><STRONG><a name="[30]"></a>USB_LP_CAN1_RX0_IRQHandler</STRONG> (Thumb, 8 bytes, Stack size 8 bytes, stm32f10x_it.o(i.USB_LP_CAN1_RX0_IRQHandler))
<BR><BR>[Stack]<UL><LI>Max Depth = 132<LI>Call Chain = USB_LP_CAN1_RX0_IRQHandler &rArr; USB_Istr &rArr; CTR_LP &rArr; Setup0_Process &rArr; Data_Setup0 &rArr; DataStageIn &rArr; UserToPMABufferCopy
</UL>
<BR>[Calls]<UL><LI><a href="#[bb]">&gt;&gt;</a>&nbsp;&nbsp;&nbsp;USB_Istr
</UL>
<BR>[Address Reference Count : 1]<UL><LI> startup_stm32f10x_md.o(RESET)
</UL>
<P><STRONG><a name="[c4]"></a>USB_SIL_Init</STRONG> (Thumb, 28 bytes, Stack size 0 bytes, usb_sil.o(i.USB_SIL_Init))
<BR><BR>[Called By]<UL><LI><a href="#[6]">&gt;&gt;</a>&nbsp;&nbsp;&nbsp;Virtual_Com_Port_init
</UL>

<P><STRONG><a name="[85]"></a>USB_SIL_Read</STRONG> (Thumb, 46 bytes, Stack size 24 bytes, usb_sil.o(i.USB_SIL_Read))
<BR><BR>[Stack]<UL><LI>Max Depth = 44<LI>Call Chain = USB_SIL_Read &rArr; PMAToUserBufferCopy
</UL>
<BR>[Calls]<UL><LI><a href="#[bc]">&gt;&gt;</a>&nbsp;&nbsp;&nbsp;GetEPRxCount
<LI><a href="#[82]">&gt;&gt;</a>&nbsp;&nbsp;&nbsp;PMAToUserBufferCopy
<LI><a href="#[81]">&gt;&gt;</a>&nbsp;&nbsp;&nbsp;GetEPRxAddr
</UL>
<BR>[Called By]<UL><LI><a href="#[5]">&gt;&gt;</a>&nbsp;&nbsp;&nbsp;EP3_OUT_Callback
</UL>

<P><STRONG><a name="[cb]"></a>USB_Send</STRONG> (Thumb, 34 bytes, Stack size 0 bytes, hw_config.o(i.USB_Send))
<BR><BR>[Called By]<UL><LI><a href="#[ca]">&gt;&gt;</a>&nbsp;&nbsp;&nbsp;usbCommSendChar
</UL>

<P><STRONG><a name="[86]"></a>USB_To_USART_Send_Data</STRONG> (Thumb, 62 bytes, Stack size 12 bytes, hw_config.o(i.USB_To_USART_Send_Data))
<BR><BR>[Stack]<UL><LI>Max Depth = 12<LI>Call Chain = USB_To_USART_Send_Data
</UL>
<BR>[Called By]<UL><LI><a href="#[5]">&gt;&gt;</a>&nbsp;&nbsp;&nbsp;EP3_OUT_Callback
</UL>

<P><STRONG><a name="[7e]"></a>UserToPMABufferCopy</STRONG> (Thumb, 52 bytes, Stack size 20 bytes, usb_mem.o(i.UserToPMABufferCopy))
<BR><BR>[Stack]<UL><LI>Max Depth = 20<LI>Call Chain = UserToPMABufferCopy
</UL>
<BR>[Called By]<UL><LI><a href="#[3]">&gt;&gt;</a>&nbsp;&nbsp;&nbsp;EP1_IN_Callback
<LI><a href="#[7c]">&gt;&gt;</a>&nbsp;&nbsp;&nbsp;DataStageIn
<LI><a href="#[8d]">&gt;&gt;</a>&nbsp;&nbsp;&nbsp;Handle_USBAsynchXfer
</UL>

<P><STRONG><a name="[a]"></a>Virtual_Com_Port_Data_Setup</STRONG> (Thumb, 82 bytes, Stack size 16 bytes, usb_prop.o(i.Virtual_Com_Port_Data_Setup))
<BR><BR>[Stack]<UL><LI>Max Depth = 16<LI>Call Chain = Virtual_Com_Port_Data_Setup
</UL>
<BR>[Address Reference Count : 1]<UL><LI> usb_prop.o(.data)
</UL>
<P><STRONG><a name="[e]"></a>Virtual_Com_Port_GetConfigDescriptor</STRONG> (Thumb, 14 bytes, Stack size 8 bytes, usb_prop.o(i.Virtual_Com_Port_GetConfigDescriptor))
<BR><BR>[Stack]<UL><LI>Max Depth = 16<LI>Call Chain = Virtual_Com_Port_GetConfigDescriptor &rArr; Standard_GetDescriptorData
</UL>
<BR>[Calls]<UL><LI><a href="#[bd]">&gt;&gt;</a>&nbsp;&nbsp;&nbsp;Standard_GetDescriptorData
</UL>
<BR>[Address Reference Count : 1]<UL><LI> usb_prop.o(.data)
</UL>
<P><STRONG><a name="[d]"></a>Virtual_Com_Port_GetDeviceDescriptor</STRONG> (Thumb, 14 bytes, Stack size 8 bytes, usb_prop.o(i.Virtual_Com_Port_GetDeviceDescriptor))
<BR><BR>[Stack]<UL><LI>Max Depth = 16<LI>Call Chain = Virtual_Com_Port_GetDeviceDescriptor &rArr; Standard_GetDescriptorData
</UL>
<BR>[Calls]<UL><LI><a href="#[bd]">&gt;&gt;</a>&nbsp;&nbsp;&nbsp;Standard_GetDescriptorData
</UL>
<BR>[Address Reference Count : 1]<UL><LI> usb_prop.o(.data)
</UL>
<P><STRONG><a name="[4c]"></a>Virtual_Com_Port_GetLineCoding</STRONG> (Thumb, 20 bytes, Stack size 0 bytes, usb_prop.o(i.Virtual_Com_Port_GetLineCoding))
<BR>[Address Reference Count : 1]<UL><LI> usb_prop.o(i.Virtual_Com_Port_Data_Setup)
</UL>
<P><STRONG><a name="[f]"></a>Virtual_Com_Port_GetStringDescriptor</STRONG> (Thumb, 32 bytes, Stack size 16 bytes, usb_prop.o(i.Virtual_Com_Port_GetStringDescriptor))
<BR><BR>[Stack]<UL><LI>Max Depth = 24<LI>Call Chain = Virtual_Com_Port_GetStringDescriptor &rArr; Standard_GetDescriptorData
</UL>
<BR>[Calls]<UL><LI><a href="#[bd]">&gt;&gt;</a>&nbsp;&nbsp;&nbsp;Standard_GetDescriptorData
</UL>
<BR>[Address Reference Count : 1]<UL><LI> usb_prop.o(.data)
</UL>
<P><STRONG><a name="[c]"></a>Virtual_Com_Port_Get_Interface_Setting</STRONG> (Thumb, 22 bytes, Stack size 0 bytes, usb_prop.o(i.Virtual_Com_Port_Get_Interface_Setting))
<BR>[Address Reference Count : 1]<UL><LI> usb_prop.o(.data)
</UL>
<P><STRONG><a name="[b]"></a>Virtual_Com_Port_NoData_Setup</STRONG> (Thumb, 36 bytes, Stack size 0 bytes, usb_prop.o(i.Virtual_Com_Port_NoData_Setup))
<BR>[Address Reference Count : 1]<UL><LI> usb_prop.o(.data)
</UL>
<P><STRONG><a name="[7]"></a>Virtual_Com_Port_Reset</STRONG> (Thumb, 216 bytes, Stack size 8 bytes, usb_prop.o(i.Virtual_Com_Port_Reset))
<BR><BR>[Stack]<UL><LI>Max Depth = 20<LI>Call Chain = Virtual_Com_Port_Reset &rArr; SetEPRxStatus
</UL>
<BR>[Calls]<UL><LI><a href="#[bf]">&gt;&gt;</a>&nbsp;&nbsp;&nbsp;SetEPType
<LI><a href="#[c1]">&gt;&gt;</a>&nbsp;&nbsp;&nbsp;SetEPTxAddr
<LI><a href="#[c3]">&gt;&gt;</a>&nbsp;&nbsp;&nbsp;SetEPRxStatus
<LI><a href="#[c0]">&gt;&gt;</a>&nbsp;&nbsp;&nbsp;SetEPRxAddr
<LI><a href="#[be]">&gt;&gt;</a>&nbsp;&nbsp;&nbsp;SetBTABLE
<LI><a href="#[c2]">&gt;&gt;</a>&nbsp;&nbsp;&nbsp;Clear_Status_Out
<LI><a href="#[87]">&gt;&gt;</a>&nbsp;&nbsp;&nbsp;SetEPRxValid
<LI><a href="#[a8]">&gt;&gt;</a>&nbsp;&nbsp;&nbsp;SetEPTxStatus
<LI><a href="#[98]">&gt;&gt;</a>&nbsp;&nbsp;&nbsp;SetEPRxCount
<LI><a href="#[90]">&gt;&gt;</a>&nbsp;&nbsp;&nbsp;SetDeviceAddress
</UL>
<BR>[Address Reference Count : 1]<UL><LI> usb_prop.o(.data)
</UL>
<P><STRONG><a name="[10]"></a>Virtual_Com_Port_SetConfiguration</STRONG> (Thumb, 14 bytes, Stack size 0 bytes, usb_prop.o(i.Virtual_Com_Port_SetConfiguration))
<BR>[Address Reference Count : 1]<UL><LI> usb_prop.o(.data)
</UL>
<P><STRONG><a name="[11]"></a>Virtual_Com_Port_SetDeviceAddress</STRONG> (Thumb, 8 bytes, Stack size 0 bytes, usb_prop.o(i.Virtual_Com_Port_SetDeviceAddress))
<BR>[Address Reference Count : 1]<UL><LI> usb_prop.o(.data)
</UL>
<P><STRONG><a name="[4d]"></a>Virtual_Com_Port_SetLineCoding</STRONG> (Thumb, 20 bytes, Stack size 0 bytes, usb_prop.o(i.Virtual_Com_Port_SetLineCoding))
<BR>[Address Reference Count : 1]<UL><LI> usb_prop.o(i.Virtual_Com_Port_Data_Setup)
</UL>
<P><STRONG><a name="[8]"></a>Virtual_Com_Port_Status_In</STRONG> (Thumb, 16 bytes, Stack size 0 bytes, usb_prop.o(i.Virtual_Com_Port_Status_In))
<BR>[Address Reference Count : 1]<UL><LI> usb_prop.o(.data)
</UL>
<P><STRONG><a name="[9]"></a>Virtual_Com_Port_Status_Out</STRONG> (Thumb, 2 bytes, Stack size 0 bytes, usb_prop.o(i.Virtual_Com_Port_Status_Out))
<BR>[Address Reference Count : 1]<UL><LI> usb_prop.o(.data)
</UL>
<P><STRONG><a name="[6]"></a>Virtual_Com_Port_init</STRONG> (Thumb, 30 bytes, Stack size 8 bytes, usb_prop.o(i.Virtual_Com_Port_init))
<BR><BR>[Stack]<UL><LI>Max Depth = 36<LI>Call Chain = Virtual_Com_Port_init &rArr; Get_SerialNum &rArr; IntToUnicode
</UL>
<BR>[Calls]<UL><LI><a href="#[c4]">&gt;&gt;</a>&nbsp;&nbsp;&nbsp;USB_SIL_Init
<LI><a href="#[99]">&gt;&gt;</a>&nbsp;&nbsp;&nbsp;PowerOn
<LI><a href="#[8b]">&gt;&gt;</a>&nbsp;&nbsp;&nbsp;Get_SerialNum
</UL>
<BR>[Address Reference Count : 1]<UL><LI> usb_prop.o(.data)
</UL>
<P><STRONG><a name="[ac]"></a>createSerialFrameForSignalsMaximum</STRONG> (Thumb, 78 bytes, Stack size 16 bytes, serialframe.o(i.createSerialFrameForSignalsMaximum))
<BR><BR>[Stack]<UL><LI>Max Depth = 16<LI>Call Chain = createSerialFrameForSignalsMaximum
</UL>
<BR>[Called By]<UL><LI><a href="#[38]">&gt;&gt;</a>&nbsp;&nbsp;&nbsp;TIM2_IRQHandler
</UL>

<P><STRONG><a name="[59]"></a>main</STRONG> (Thumb, 20 bytes, Stack size 0 bytes, main.o(i.main))
<BR><BR>[Stack]<UL><LI>Max Depth = 64<LI>Call Chain = main &rArr; sampleAcquisitionInit &rArr; DMA_Configuration &rArr; DMA_Init
</UL>
<BR>[Calls]<UL><LI><a href="#[c5]">&gt;&gt;</a>&nbsp;&nbsp;&nbsp;usbCommInit
<LI><a href="#[c6]">&gt;&gt;</a>&nbsp;&nbsp;&nbsp;sampleAcquisitionInit
<LI><a href="#[ae]">&gt;&gt;</a>&nbsp;&nbsp;&nbsp;sProcInit
<LI><a href="#[6e]">&gt;&gt;</a>&nbsp;&nbsp;&nbsp;CLOCK_Configure
</UL>
<BR>[Called By]<UL><LI><a href="#[58]">&gt;&gt;</a>&nbsp;&nbsp;&nbsp;__rt_entry_main
</UL>

<P><STRONG><a name="[ab]"></a>sProcGetsignalsMaximumValues</STRONG> (Thumb, 32 bytes, Stack size 0 bytes, signalprocessing.o(i.sProcGetsignalsMaximumValues))
<BR><BR>[Called By]<UL><LI><a href="#[38]">&gt;&gt;</a>&nbsp;&nbsp;&nbsp;TIM2_IRQHandler
</UL>

<P><STRONG><a name="[ae]"></a>sProcInit</STRONG> (Thumb, 30 bytes, Stack size 0 bytes, signalprocessing.o(i.sProcInit))
<BR><BR>[Called By]<UL><LI><a href="#[38]">&gt;&gt;</a>&nbsp;&nbsp;&nbsp;TIM2_IRQHandler
<LI><a href="#[59]">&gt;&gt;</a>&nbsp;&nbsp;&nbsp;main
</UL>

<P><STRONG><a name="[76]"></a>sProcUpdateSignalMaximum</STRONG> (Thumb, 82 bytes, Stack size 28 bytes, signalprocessing.o(i.sProcUpdateSignalMaximum))
<BR><BR>[Stack]<UL><LI>Max Depth = 28<LI>Call Chain = sProcUpdateSignalMaximum
</UL>
<BR>[Called By]<UL><LI><a href="#[27]">&gt;&gt;</a>&nbsp;&nbsp;&nbsp;DMA1_Channel1_IRQHandler
</UL>

<P><STRONG><a name="[c6]"></a>sampleAcquisitionInit</STRONG> (Thumb, 28 bytes, Stack size 8 bytes, sampleacquisition.o(i.sampleAcquisitionInit))
<BR><BR>[Stack]<UL><LI>Max Depth = 64<LI>Call Chain = sampleAcquisitionInit &rArr; DMA_Configuration &rArr; DMA_Init
</UL>
<BR>[Calls]<UL><LI><a href="#[af]">&gt;&gt;</a>&nbsp;&nbsp;&nbsp;TIMER_Configuration
<LI><a href="#[9b]">&gt;&gt;</a>&nbsp;&nbsp;&nbsp;RCC_Configuration
<LI><a href="#[8e]">&gt;&gt;</a>&nbsp;&nbsp;&nbsp;IT_Configuration
<LI><a href="#[88]">&gt;&gt;</a>&nbsp;&nbsp;&nbsp;GPIO_Configuration
<LI><a href="#[77]">&gt;&gt;</a>&nbsp;&nbsp;&nbsp;DMA_Configuration
<LI><a href="#[61]">&gt;&gt;</a>&nbsp;&nbsp;&nbsp;ADC_Configuration
</UL>
<BR>[Called By]<UL><LI><a href="#[59]">&gt;&gt;</a>&nbsp;&nbsp;&nbsp;main
</UL>

<P><STRONG><a name="[c5]"></a>usbCommInit</STRONG> (Thumb, 34 bytes, Stack size 8 bytes, usbcomm.o(i.usbCommInit))
<BR><BR>[Stack]<UL><LI>Max Depth = 48<LI>Call Chain = usbCommInit &rArr; usbCommInitPeriodicSending &rArr; NVIC_Init
</UL>
<BR>[Calls]<UL><LI><a href="#[b9]">&gt;&gt;</a>&nbsp;&nbsp;&nbsp;USB_Interrupts_Config
<LI><a href="#[c7]">&gt;&gt;</a>&nbsp;&nbsp;&nbsp;USB_Init
<LI><a href="#[c8]">&gt;&gt;</a>&nbsp;&nbsp;&nbsp;USB_GetState
<LI><a href="#[a3]">&gt;&gt;</a>&nbsp;&nbsp;&nbsp;Set_USBClock
<LI><a href="#[a2]">&gt;&gt;</a>&nbsp;&nbsp;&nbsp;Set_System
<LI><a href="#[c9]">&gt;&gt;</a>&nbsp;&nbsp;&nbsp;usbCommInitPeriodicSending
</UL>
<BR>[Called By]<UL><LI><a href="#[59]">&gt;&gt;</a>&nbsp;&nbsp;&nbsp;main
</UL>

<P><STRONG><a name="[c9]"></a>usbCommInitPeriodicSending</STRONG> (Thumb, 108 bytes, Stack size 24 bytes, usbcomm.o(i.usbCommInitPeriodicSending))
<BR><BR>[Stack]<UL><LI>Max Depth = 40<LI>Call Chain = usbCommInitPeriodicSending &rArr; NVIC_Init
</UL>
<BR>[Calls]<UL><LI><a href="#[a5]">&gt;&gt;</a>&nbsp;&nbsp;&nbsp;RCC_APB1PeriphClockCmd
<LI><a href="#[b0]">&gt;&gt;</a>&nbsp;&nbsp;&nbsp;TIM_TimeBaseStructInit
<LI><a href="#[b1]">&gt;&gt;</a>&nbsp;&nbsp;&nbsp;TIM_TimeBaseInit
<LI><a href="#[b4]">&gt;&gt;</a>&nbsp;&nbsp;&nbsp;TIM_ITConfig
<LI><a href="#[b5]">&gt;&gt;</a>&nbsp;&nbsp;&nbsp;TIM_Cmd
<LI><a href="#[aa]">&gt;&gt;</a>&nbsp;&nbsp;&nbsp;TIM_ClearITPendingBit
<LI><a href="#[8f]">&gt;&gt;</a>&nbsp;&nbsp;&nbsp;NVIC_Init
</UL>
<BR>[Called By]<UL><LI><a href="#[c5]">&gt;&gt;</a>&nbsp;&nbsp;&nbsp;usbCommInit
</UL>

<P><STRONG><a name="[ca]"></a>usbCommSendChar</STRONG> (Thumb, 12 bytes, Stack size 8 bytes, usbcomm.o(i.usbCommSendChar))
<BR><BR>[Stack]<UL><LI>Max Depth = 8<LI>Call Chain = usbCommSendChar
</UL>
<BR>[Calls]<UL><LI><a href="#[cb]">&gt;&gt;</a>&nbsp;&nbsp;&nbsp;USB_Send
</UL>
<BR>[Called By]<UL><LI><a href="#[ad]">&gt;&gt;</a>&nbsp;&nbsp;&nbsp;usbCommSendData
</UL>

<P><STRONG><a name="[ad]"></a>usbCommSendData</STRONG> (Thumb, 28 bytes, Stack size 16 bytes, usbcomm.o(i.usbCommSendData))
<BR><BR>[Stack]<UL><LI>Max Depth = 24<LI>Call Chain = usbCommSendData &rArr; usbCommSendChar
</UL>
<BR>[Calls]<UL><LI><a href="#[ca]">&gt;&gt;</a>&nbsp;&nbsp;&nbsp;usbCommSendChar
</UL>
<BR>[Called By]<UL><LI><a href="#[38]">&gt;&gt;</a>&nbsp;&nbsp;&nbsp;TIM2_IRQHandler
</UL>
<P>
<H3>
Local Symbols
</H3>
<P><STRONG><a name="[6f]"></a>CLOCK_HPRECompute</STRONG> (Thumb, 120 bytes, Stack size 0 bytes, clock.o(i.CLOCK_HPRECompute))
<BR><BR>[Called By]<UL><LI><a href="#[6e]">&gt;&gt;</a>&nbsp;&nbsp;&nbsp;CLOCK_Configure
</UL>

<P><STRONG><a name="[8c]"></a>IntToUnicode</STRONG> (Thumb, 62 bytes, Stack size 12 bytes, hw_config.o(i.IntToUnicode))
<BR><BR>[Stack]<UL><LI>Max Depth = 12<LI>Call Chain = IntToUnicode
</UL>
<BR>[Called By]<UL><LI><a href="#[8b]">&gt;&gt;</a>&nbsp;&nbsp;&nbsp;Get_SerialNum
</UL>

<P><STRONG><a name="[7c]"></a>DataStageIn</STRONG> (Thumb, 166 bytes, Stack size 32 bytes, usb_core.o(i.DataStageIn))
<BR><BR>[Stack]<UL><LI>Max Depth = 52<LI>Call Chain = DataStageIn &rArr; UserToPMABufferCopy
</UL>
<BR>[Calls]<UL><LI><a href="#[7d]">&gt;&gt;</a>&nbsp;&nbsp;&nbsp;GetEPTxAddr
<LI><a href="#[7e]">&gt;&gt;</a>&nbsp;&nbsp;&nbsp;UserToPMABufferCopy
<LI><a href="#[7f]">&gt;&gt;</a>&nbsp;&nbsp;&nbsp;SetEPTxCount
</UL>
<BR>[Called By]<UL><LI><a href="#[71]">&gt;&gt;</a>&nbsp;&nbsp;&nbsp;In0_Process
<LI><a href="#[83]">&gt;&gt;</a>&nbsp;&nbsp;&nbsp;Data_Setup0
</UL>

<P><STRONG><a name="[80]"></a>DataStageOut</STRONG> (Thumb, 166 bytes, Stack size 24 bytes, usb_core.o(i.DataStageOut))
<BR><BR>[Stack]<UL><LI>Max Depth = 44<LI>Call Chain = DataStageOut &rArr; PMAToUserBufferCopy
</UL>
<BR>[Calls]<UL><LI><a href="#[82]">&gt;&gt;</a>&nbsp;&nbsp;&nbsp;PMAToUserBufferCopy
<LI><a href="#[81]">&gt;&gt;</a>&nbsp;&nbsp;&nbsp;GetEPRxAddr
<LI><a href="#[7f]">&gt;&gt;</a>&nbsp;&nbsp;&nbsp;SetEPTxCount
</UL>
<BR>[Called By]<UL><LI><a href="#[73]">&gt;&gt;</a>&nbsp;&nbsp;&nbsp;Out0_Process
</UL>

<P><STRONG><a name="[83]"></a>Data_Setup0</STRONG> (Thumb, 628 bytes, Stack size 40 bytes, usb_core.o(i.Data_Setup0))
<BR><BR>[Stack]<UL><LI>Max Depth = 92<LI>Call Chain = Data_Setup0 &rArr; DataStageIn &rArr; UserToPMABufferCopy
</UL>
<BR>[Calls]<UL><LI><a href="#[7c]">&gt;&gt;</a>&nbsp;&nbsp;&nbsp;DataStageIn
</UL>
<BR>[Called By]<UL><LI><a href="#[72]">&gt;&gt;</a>&nbsp;&nbsp;&nbsp;Setup0_Process
</UL>

<P><STRONG><a name="[92]"></a>NoData_Setup0</STRONG> (Thumb, 290 bytes, Stack size 16 bytes, usb_core.o(i.NoData_Setup0))
<BR><BR>[Stack]<UL><LI>Max Depth = 60<LI>Call Chain = NoData_Setup0 &rArr; Standard_ClearFeature &rArr; SetEPTxStatus
</UL>
<BR>[Calls]<UL><LI><a href="#[96]">&gt;&gt;</a>&nbsp;&nbsp;&nbsp;Standard_SetInterface
<LI><a href="#[97]">&gt;&gt;</a>&nbsp;&nbsp;&nbsp;Standard_SetEndPointFeature
<LI><a href="#[94]">&gt;&gt;</a>&nbsp;&nbsp;&nbsp;Standard_SetDeviceFeature
<LI><a href="#[93]">&gt;&gt;</a>&nbsp;&nbsp;&nbsp;Standard_SetConfiguration
<LI><a href="#[95]">&gt;&gt;</a>&nbsp;&nbsp;&nbsp;Standard_ClearFeature
</UL>
<BR>[Called By]<UL><LI><a href="#[72]">&gt;&gt;</a>&nbsp;&nbsp;&nbsp;Setup0_Process
</UL>

<P><STRONG><a name="[a0]"></a>SetSysClock</STRONG> (Thumb, 8 bytes, Stack size 8 bytes, system_stm32f10x.o(i.SetSysClock))
<BR><BR>[Stack]<UL><LI>Max Depth = 20<LI>Call Chain = SetSysClock &rArr; SetSysClockTo72
</UL>
<BR>[Calls]<UL><LI><a href="#[a1]">&gt;&gt;</a>&nbsp;&nbsp;&nbsp;SetSysClockTo72
</UL>
<BR>[Called By]<UL><LI><a href="#[47]">&gt;&gt;</a>&nbsp;&nbsp;&nbsp;SystemInit
</UL>

<P><STRONG><a name="[a1]"></a>SetSysClockTo72</STRONG> (Thumb, 214 bytes, Stack size 12 bytes, system_stm32f10x.o(i.SetSysClockTo72))
<BR><BR>[Stack]<UL><LI>Max Depth = 12<LI>Call Chain = SetSysClockTo72
</UL>
<BR>[Called By]<UL><LI><a href="#[a0]">&gt;&gt;</a>&nbsp;&nbsp;&nbsp;SetSysClock
</UL>
<P>
<H3>
Undefined Global Symbols
</H3><HR></body></html>
